<html>
<body>
<pre>
<h1>礦ision Build Log</h1>
<h2>Tool Versions:</h2>
IDE-Version: μVision V5.25.2.0
Copyright (C) 2018 ARM Ltd and ARM Germany GmbH. All rights reserved.
License Information: A A, A, LIC=03C6R-K9TDU-HL7CL-030GF-H0EQ3-VXNMN
 
Tool Versions:
Toolchain:       MDK-ARM Plus  Version: 5.25.2.0
Toolchain Path:  D:\Keil_v5\ARM\ARMCC\Bin
C Compiler:      Armcc.exe V5.06 update 6 (build 750)
Assembler:       Armasm.exe V5.06 update 6 (build 750)
Linker/Locator:  ArmLink.exe V5.06 update 6 (build 750)
Library Manager: ArmAr.exe V5.06 update 6 (build 750)
Hex Converter:   FromElf.exe V5.06 update 6 (build 750)
CPU DLL:         SARMCM3.DLL V5.25.2.0
Dialog DLL:      DARMSTM.DLL V1.68.0.0
Target DLL:      STLink\ST-LINKIII-KEIL_SWO.dll V3.0.1.0
Dialog DLL:      TARMSTM.DLL V1.66.0.0
 
<h2>Project:</h2>
D:\BaiduSyncdisk\嵌入式课设\基于STM32的手写输入识别系统\USER\ATK_NCR.uvprojx
Project File Date:  06/02/2023

<h2>Output:</h2>
*** Using Compiler 'V5.06 update 6 (build 750)', folder: 'D:\Keil_v5\ARM\ARMCC\Bin'
Rebuild target 'ATK_NCR'
compiling spi.c...
compiling led.c...
compiling key.c...
compiling stm32f10x_it.c...
compiling system_stm32f10x.c...
compiling main.c...
main.c(140): warning:  #177-D: label "ESP8266_RESTART"  was declared but never referenced
  ESP8266_RESTART:
main.c: 1 warning, 0 errors
compiling lcd.c...
compiling w25qxx.c...
compiling 24cxx.c...
compiling sdio_sdcard.c...
compiling ft5206.c...
compiling myiic.c...
compiling ctiic.c...
compiling gt9147.c...
compiling ott2001a.c...
compiling touch.c...
compiling my8266.c...
compiling usart3.c...
compiling delay.c...
compiling timer.c...
compiling usart.c...
compiling core_cm3.c...
assembling startup_stm32f10x_hd.s...
compiling sys.c...
compiling stm32f10x_gpio.c...
compiling stm32f10x_fsmc.c...
compiling misc.c...
compiling stm32f10x_spi.c...
compiling stm32f10x_rcc.c...
compiling stm32f10x_usart.c...
compiling stm32f10x_dma.c...
compiling malloc.c...
compiling stm32f10x_sdio.c...
compiling stm32f10x_tim.c...
compiling ff.c...
compiling diskio.c...
compiling mycc936.c...
compiling exfuns.c...
compiling usmart.c...
compiling fattester.c...
compiling usmart_config.c...
compiling atk_ncr.c...
compiling usmart_str.c...
compiling text.c...
compiling fontupd.c...
linking...
Program Size: Code=90054 RO-data=44298 RW-data=804 ZI-data=1098444  
FromELF: creating hex file...
"..\OBJ\ATK_NCR.axf" - 0 Error(s), 1 Warning(s).

<h2>Software Packages used:</h2>

Package Vendor: Keil
                http://www.keil.com/pack/Keil.STM32F1xx_DFP.2.3.0.pack
                Keil.STM32F1xx_DFP.2.3.0
                STMicroelectronics STM32F1 Series Device Support, Drivers and Examples

<h2>Collection of Component include folders:</h2>
  .\RTE\_ATK_NCR
  D:\Keil_v5\ARM\PACK\Keil\STM32F1xx_DFP\2.3.0\Device\Include

<h2>Collection of Component Files used:</h2>
Build Time Elapsed:  00:00:07
</pre>
</body>
</html>
