<html>
<body>
<pre>
<h1>礦ision Build Log</h1>
<h2>Tool Versions:</h2>
IDE-Version: μVision V5.25.2.0
Copyright (C) 2018 ARM Ltd and ARM Germany GmbH. All rights reserved.
License Information: a Shamming, a, LIC=76F5U-SS77A-NNYAF-6IDUR-ZWPZX-KK2UW
 
Tool Versions:
Toolchain:       MDK-ARM Plus  Version: 5.25.2.0
Toolchain Path:  D:\Keil_v5\ARM\ARMCC\Bin
C Compiler:      Armcc.exe V5.06 update 6 (build 750)
Assembler:       Armasm.exe V5.06 update 6 (build 750)
Linker/Locator:  ArmLink.exe V5.06 update 6 (build 750)
Library Manager: ArmAr.exe V5.06 update 6 (build 750)
Hex Converter:   FromElf.exe V5.06 update 6 (build 750)
CPU DLL:         SARMCM3.DLL V5.25.2.0
Dialog DLL:      DARMSTM.DLL V1.68.0.0
Target DLL:      STLink\ST-LINKIII-KEIL_SWO.dll V3.0.1.0
Dialog DLL:      TARMSTM.DLL V1.66.0.0
 
<h2>Project:</h2>
D:\BaiduSyncdisk\嵌入式课设\基于STM32的手写输入识别系统\USER\ATK_NCR.uvprojx
Project File Date:  06/03/2023

<h2>Output:</h2>
*** Using Compiler 'V5.06 update 6 (build 750)', folder: 'D:\Keil_v5\ARM\ARMCC\Bin'
Rebuild target 'ATK_NCR'
compiling main.c...
main.c(116): warning:  #177-D: variable "mode"  was declared but never referenced
  	u8 mode=4;					//默认是混合模式
main.c: 1 warning, 0 errors
compiling 24cxx.c...
compiling led.c...
compiling spi.c...
compiling ctiic.c...
compiling stm32f10x_it.c...
compiling system_stm32f10x.c...
compiling key.c...
compiling w25qxx.c...
compiling ott2001a.c...
compiling myiic.c...
compiling gt9147.c...
compiling ft5206.c...
compiling lcd.c...
compiling sdio_sdcard.c...
assembling startup_stm32f10x_hd.s...
compiling touch.c...
compiling usart3.c...
compiling delay.c...
compiling my8266.c...
..\HARDWARE\ESP8266\my8266.c(246): warning:  #177-D: variable "i"  was declared but never referenced
  	u8 i=0;
..\HARDWARE\ESP8266\my8266.c(315): warning:  #1-D: last line of file ends without a newline
  		} */
..\HARDWARE\ESP8266\my8266.c: 2 warnings, 0 errors
compiling core_cm3.c...
compiling cJSON.c...
compiling usart.c...
compiling timer.c...
compiling misc.c...
compiling stm32f10x_fsmc.c...
compiling stm32f10x_gpio.c...
compiling sys.c...
compiling stm32f10x_spi.c...
compiling stm32f10x_usart.c...
compiling stm32f10x_rcc.c...
compiling stm32f10x_tim.c...
compiling stm32f10x_dma.c...
compiling stm32f10x_sdio.c...
compiling malloc.c...
compiling diskio.c...
compiling ff.c...
compiling exfuns.c...
compiling mycc936.c...
compiling fattester.c...
compiling usmart.c...
compiling usmart_config.c...
compiling text.c...
compiling usmart_str.c...
compiling fontupd.c...
linking...
Program Size: Code=76132 RO-data=9516 RW-data=788 ZI-data=1099572  
FromELF: creating hex file...
"..\OBJ\ATK_NCR.axf" - 0 Error(s), 3 Warning(s).

<h2>Software Packages used:</h2>

Package Vendor: Keil
                http://www.keil.com/pack/Keil.STM32F1xx_DFP.2.3.0.pack
                Keil.STM32F1xx_DFP.2.3.0
                STMicroelectronics STM32F1 Series Device Support, Drivers and Examples

<h2>Collection of Component include folders:</h2>
  .\RTE\_ATK_NCR
  D:\Keil_v5\ARM\PACK\Keil\STM32F1xx_DFP\2.3.0\Device\Include

<h2>Collection of Component Files used:</h2>
Build Time Elapsed:  00:00:03
</pre>
</body>
</html>
