Component: ARM Compiler 5.06 update 6 (build 750) Tool: armlink [4d35ed]

==============================================================================

Section Cross References

    main.o(.text) refers to lcd.o(.text) for LCD_Fill
    main.o(.text) refers to delay.o(.text) for delay_init
    main.o(.text) refers to misc.o(.text) for NVIC_PriorityGroupConfig
    main.o(.text) refers to usart.o(.text) for uart_init
    main.o(.text) refers to led.o(.text) for LED_Init
    main.o(.text) refers to key.o(.text) for KEY_Init
    main.o(.text) refers to w25qxx.o(.text) for W25QXX_Init
    main.o(.text) refers to malloc.o(.text) for my_mem_init
    main.o(.text) refers to exfuns.o(.text) for exfuns_init
    main.o(.text) refers to ff.o(.text) for f_mount
    main.o(.text) refers to fontupd.o(.text) for font_init
    main.o(.text) refers to printfa.o(i.__0printf) for __2printf
    main.o(.text) refers to text.o(.text) for Show_Str
    main.o(.text) refers to my8266.o(.text) for esp8266_init
    main.o(.text) refers to touch.o(.text) for TP_Adjust
    main.o(.text) refers to strcpy.o(.text) for strcpy
    main.o(.text) refers to touch.o(.data) for tp_dev
    main.o(.text) refers to exfuns.o(.data) for fs
    main.o(.text) refers to lcd.o(.data) for POINT_COLOR
    main.o(.text) refers to lcd.o(.bss) for lcddev
    main.o(.text) refers to main.o(.data) for pcnt
    main.o(.text) refers to main.o(.bss) for READ_BUF
    system_stm32f10x.o(.text) refers to system_stm32f10x.o(.data) for SystemCoreClock
    led.o(.text) refers to stm32f10x_rcc.o(.text) for RCC_APB2PeriphClockCmd
    led.o(.text) refers to stm32f10x_gpio.o(.text) for GPIO_Init
    key.o(.text) refers to stm32f10x_rcc.o(.text) for RCC_APB2PeriphClockCmd
    key.o(.text) refers to stm32f10x_gpio.o(.text) for GPIO_Init
    key.o(.text) refers to delay.o(.text) for delay_ms
    key.o(.text) refers to key.o(.data) for key_up
    lcd.o(.text) refers to delay.o(.text) for delay_us
    lcd.o(.text) refers to lcd.o(.bss) for lcddev
    lcd.o(.text) refers to dfltui.o(.text) for __aeabi_ui2d
    lcd.o(.text) refers to dmul.o(.text) for __aeabi_dmul
    lcd.o(.text) refers to dfixui.o(.text) for __aeabi_d2uiz
    lcd.o(.text) refers to lcd.o(.data) for POINT_COLOR
    lcd.o(.text) refers to stm32f10x_rcc.o(.text) for RCC_AHBPeriphClockCmd
    lcd.o(.text) refers to stm32f10x_gpio.o(.text) for GPIO_Init
    lcd.o(.text) refers to stm32f10x_fsmc.o(.text) for FSMC_NORSRAMInit
    lcd.o(.text) refers to printfa.o(i.__0printf) for __2printf
    lcd.o(.text) refers to lcd.o(.constdata) for asc2_1206
    spi.o(.text) refers to stm32f10x_spi.o(.text) for SPI_I2S_GetFlagStatus
    spi.o(.text) refers to stm32f10x_rcc.o(.text) for RCC_APB2PeriphClockCmd
    spi.o(.text) refers to stm32f10x_gpio.o(.text) for GPIO_Init
    w25qxx.o(.text) refers to spi.o(.text) for SPI2_ReadWriteByte
    w25qxx.o(.text) refers to stm32f10x_rcc.o(.text) for RCC_APB2PeriphClockCmd
    w25qxx.o(.text) refers to stm32f10x_gpio.o(.text) for GPIO_Init
    w25qxx.o(.text) refers to printfa.o(i.__0printf) for __2printf
    w25qxx.o(.text) refers to delay.o(.text) for delay_us
    w25qxx.o(.text) refers to w25qxx.o(.data) for W25QXX_TYPE
    w25qxx.o(.text) refers to w25qxx.o(.bss) for W25QXX_BUFFER
    sdio_sdcard.o(.text) refers to stm32f10x_sdio.o(.text) for SDIO_GetFlagStatus
    sdio_sdcard.o(.text) refers to sdio_sdcard.o(.data) for DeviceMode
    sdio_sdcard.o(.text) refers to sdio_sdcard.o(.bss) for SDIO_CmdInitStructure
    sdio_sdcard.o(.text) refers to stm32f10x_rcc.o(.text) for RCC_APB2PeriphClockCmd
    sdio_sdcard.o(.text) refers to stm32f10x_gpio.o(.text) for GPIO_Init
    sdio_sdcard.o(.text) refers to misc.o(.text) for NVIC_Init
    sdio_sdcard.o(.text) refers to stm32f10x_dma.o(.text) for DMA_DeInit
    sdio_sdcard.o(.text) refers to sys.o(.text) for INTX_DISABLE
    sdio_sdcard.o(.text) refers to memcpya.o(.text) for __aeabi_memcpy
    myiic.o(.text) refers to stm32f10x_rcc.o(.text) for RCC_APB2PeriphClockCmd
    myiic.o(.text) refers to stm32f10x_gpio.o(.text) for GPIO_Init
    myiic.o(.text) refers to delay.o(.text) for delay_us
    24cxx.o(.text) refers to myiic.o(.text) for IIC_Init
    24cxx.o(.text) refers to delay.o(.text) for delay_ms
    ctiic.o(.text) refers to delay.o(.text) for delay_us
    ctiic.o(.text) refers to stm32f10x_rcc.o(.text) for RCC_APB2PeriphClockCmd
    ctiic.o(.text) refers to stm32f10x_gpio.o(.text) for GPIO_Init
    ft5206.o(.text) refers to ctiic.o(.text) for CT_IIC_Start
    ft5206.o(.text) refers to stm32f10x_rcc.o(.text) for RCC_APB2PeriphClockCmd
    ft5206.o(.text) refers to stm32f10x_gpio.o(.text) for GPIO_Init
    ft5206.o(.text) refers to delay.o(.text) for delay_ms
    ft5206.o(.text) refers to printfa.o(i.__0printf) for __2printf
    ft5206.o(.text) refers to gt9147.o(.text) for GT9147_RD_Reg
    ft5206.o(.text) refers to strcmp.o(.text) for strcmp
    ft5206.o(.text) refers to ft5206.o(.data) for CIP
[...]
    W25QXX_Write_Disable                     0x080040f7   Thumb Code    24  w25qxx.o(.text)
    W25QXX_Read                              0x0800410f   Thumb Code    74  w25qxx.o(.text)
    W25QXX_Wait_Busy                         0x08004159   Thumb Code    18  w25qxx.o(.text)
    W25QXX_Write_Page                        0x0800416b   Thumb Code    80  w25qxx.o(.text)
    W25QXX_Write_NoCheck                     0x080041bb   Thumb Code    70  w25qxx.o(.text)
    W25QXX_Erase_Sector                      0x08004201   Thumb Code    70  w25qxx.o(.text)
    W25QXX_Write                             0x08004247   Thumb Code   180  w25qxx.o(.text)
    W25QXX_Erase_Chip                        0x080042fb   Thumb Code    36  w25qxx.o(.text)
    W25QXX_PowerDown                         0x0800431f   Thumb Code    30  w25qxx.o(.text)
    W25QXX_WAKEUP                            0x0800433d   Thumb Code    30  w25qxx.o(.text)
    SD_SetDeviceMode                         0x08004379   Thumb Code    20  sdio_sdcard.o(.text)
    SDIO_Clock_Set                           0x0800438d   Thumb Code    16  sdio_sdcard.o(.text)
    CmdResp1Error                            0x0800439d   Thumb Code    90  sdio_sdcard.o(.text)
    FindSCR                                  0x080043f7   Thumb Code   386  sdio_sdcard.o(.text)
    SDEnWideBus                              0x08004579   Thumb Code   158  sdio_sdcard.o(.text)
    SD_EnableWideBusOperation                0x08004617   Thumb Code    94  sdio_sdcard.o(.text)
    SD_SelectDeselect                        0x08004675   Thumb Code    42  sdio_sdcard.o(.text)
    SD_GetCardInfo                           0x0800469f   Thumb Code   802  sdio_sdcard.o(.text)
    CmdResp2Error                            0x080049c1   Thumb Code    80  sdio_sdcard.o(.text)
    CmdResp6Error                            0x08004a11   Thumb Code   140  sdio_sdcard.o(.text)
    SD_InitializeCards                       0x08004a9d   Thumb Code   336  sdio_sdcard.o(.text)
    CmdResp3Error                            0x08004bed   Thumb Code    50  sdio_sdcard.o(.text)
    CmdResp7Error                            0x08004c1f   Thumb Code    70  sdio_sdcard.o(.text)
    CmdError                                 0x08004c65   Thumb Code    48  sdio_sdcard.o(.text)
    SD_PowerON                               0x08004c95   Thumb Code   450  sdio_sdcard.o(.text)
    SD_Init                                  0x08004e57   Thumb Code   238  sdio_sdcard.o(.text)
    SD_PowerOFF                              0x08004f45   Thumb Code    12  sdio_sdcard.o(.text)
    SD_DMA_Config                            0x08004f51   Thumb Code   146  sdio_sdcard.o(.text)
    convert_from_bytes_to_power_of_two       0x08004fe3   Thumb Code    18  sdio_sdcard.o(.text)
    SD_ReadBlock                             0x08004ff5   Thumb Code   560  sdio_sdcard.o(.text)
    SD_ReadMultiBlocks                       0x08005225   Thumb Code   742  sdio_sdcard.o(.text)
    IsCardProgramming                        0x0800550b   Thumb Code   142  sdio_sdcard.o(.text)
    SD_WriteBlock                            0x08005599   Thumb Code   888  sdio_sdcard.o(.text)
    SD_WriteMultiBlocks                      0x08005911   Thumb Code   962  sdio_sdcard.o(.text)
    SD_ProcessIRQSrc                         0x08005cd3   Thumb Code   294  sdio_sdcard.o(.text)
    SDIO_IRQHandler                          0x08005df9   Thumb Code     8  sdio_sdcard.o(.text)
    SD_SendStatus                            0x08005e01   Thumb Code    72  sdio_sdcard.o(.text)
    SD_GetState                              0x08005e49   Thumb Code    26  sdio_sdcard.o(.text)
    SD_ReadDisk                              0x08005e63   Thumb Code   148  sdio_sdcard.o(.text)
    SD_WriteDisk                             0x08005ef7   Thumb Code   148  sdio_sdcard.o(.text)
    IIC_Init                                 0x08005fa9   Thumb Code    46  myiic.o(.text)
    IIC_Start                                0x08005fd7   Thumb Code    64  myiic.o(.text)
    IIC_Stop                                 0x08006017   Thumb Code    66  myiic.o(.text)
    IIC_Wait_Ack                             0x08006059   Thumb Code    86  myiic.o(.text)
    IIC_Ack                                  0x080060af   Thumb Code    70  myiic.o(.text)
    IIC_NAck                                 0x080060f5   Thumb Code    70  myiic.o(.text)
    IIC_Send_Byte                            0x0800613b   Thumb Code   104  myiic.o(.text)
    IIC_Read_Byte                            0x080061a3   Thumb Code   100  myiic.o(.text)
    AT24CXX_Init                             0x08006215   Thumb Code     8  24cxx.o(.text)
    AT24CXX_ReadOneByte                      0x0800621d   Thumb Code    88  24cxx.o(.text)
    AT24CXX_WriteOneByte                     0x08006275   Thumb Code    80  24cxx.o(.text)
    AT24CXX_WriteLenByte                     0x080062c5   Thumb Code    42  24cxx.o(.text)
    AT24CXX_ReadLenByte                      0x080062ef   Thumb Code    44  24cxx.o(.text)
    AT24CXX_Check                            0x0800631b   Thumb Code    46  24cxx.o(.text)
    AT24CXX_Read                             0x08006349   Thumb Code    34  24cxx.o(.text)
    AT24CXX_Write                            0x0800636b   Thumb Code    36  24cxx.o(.text)
    CT_Delay                                 0x08006391   Thumb Code    10  ctiic.o(.text)
    CT_IIC_Init                              0x0800639b   Thumb Code    72  ctiic.o(.text)
    CT_IIC_Start                             0x080063e3   Thumb Code    66  ctiic.o(.text)
    CT_IIC_Stop                              0x08006425   Thumb Code    60  ctiic.o(.text)
    CT_IIC_Wait_Ack                          0x08006461   Thumb Code    86  ctiic.o(.text)
    CT_IIC_Ack                               0x080064b7   Thumb Code    70  ctiic.o(.text)
    CT_IIC_NAck                              0x080064fd   Thumb Code    70  ctiic.o(.text)
    CT_IIC_Send_Byte                         0x08006543   Thumb Code    86  ctiic.o(.text)
    CT_IIC_Read_Byte                         0x08006599   Thumb Code   100  ctiic.o(.text)
    FT5206_WR_Reg                            0x08006615   Thumb Code    82  ft5206.o(.text)
    FT5206_RD_Reg                            0x08006667   Thumb Code    88  ft5206.o(.text)
    FT5206_Init                              0x080066bf   Thumb Code   302  ft5206.o(.text)
    FT5206_Scan                              0x080067ed   Thumb Code   928  ft5206.o(.text)
    GT9147_WR_Reg                            0x08006b95   Thumb Code    92  gt9147.o(.text)
    GT9147_Send_Cfg                          0x08006bf1   Thumb Code    86  gt9147.o(.text)
    GT9147_RD_Reg                            0x08006c47   Thumb Code    98  gt9147.o(.text)
    GT9147_Init                              0x08006ca9   Thumb Code   268  gt9147.o(.text)
    GT9147_Scan                              0x08006db5   Thumb Code   494  gt9147.o(.text)
    OTT2001A_WR_Reg                          0x08006fed   Thumb Code    92  ott2001a.o(.text)
    OTT2001A_RD_Reg                          0x08007049   Thumb Code    98  ott2001a.o(.text)
    OTT2001A_SensorControl                   0x080070ab   Thumb Code    28  ott2001a.o(.text)
    OTT2001A_Init                            0x080070c7   Thumb Code   156  ott2001a.o(.text)
    OTT2001A_Scan                            0x08007163   Thumb Code   446  ott2001a.o(.text)
    TP_Write_Byte                            0x08007359   Thumb Code    64  touch.o(.text)
    TP_Read_AD                               0x08007399   Thumb Code   136  touch.o(.text)
    TP_Read_XOY                              0x08007421   Thumb Code   120  touch.o(.text)
    TP_Read_XY                               0x08007499   Thumb Code    38  touch.o(.text)
    TP_Read_XY2                              0x080074bf   Thumb Code   192  touch.o(.text)
    TP_Drow_Touch_Point                      0x0800757f   Thumb Code   108  touch.o(.text)
    TP_Draw_Big_Point                        0x080075eb   Thumb Code    54  touch.o(.text)
    TP_Scan                                  0x08007621   Thumb Code   264  touch.o(.text)
    TP_Save_Adjdata                          0x08007729   Thumb Code    24  touch.o(.text)
    TP_Get_Adjdata                           0x08007741   Thumb Code   104  touch.o(.text)
    TP_Adj_Info_Show                         0x080077a9   Thumb Code   374  touch.o(.text)
    TP_Adjust                                0x0800791f   Thumb Code  2128  touch.o(.text)
    TP_Init                                  0x0800816f   Thumb Code   330  touch.o(.text)
    esp8266_hd_rst_init                      0x0800830d   Thumb Code    70  my8266.o(.text)
    esp8266_hd_off                           0x08008353   Thumb Code    20  my8266.o(.text)
    esp8266_hd_on                            0x08008367   Thumb Code    22  my8266.o(.text)
    esp8266_hd_rst                           0x0800837d   Thumb Code    12  my8266.o(.text)
    esp8266_send_cmd                         0x08008389   Thumb Code    72  my8266.o(.text)
    esp8266_soft_rst                         0x080083d1   Thumb Code    24  my8266.o(.text)
    esp8266_at_test                          0x080083e9   Thumb Code    16  my8266.o(.text)
    esp8266_init                             0x080083f9   Thumb Code    28  my8266.o(.text)
    esp8266_set_mode                         0x08008415   Thumb Code    44  my8266.o(.text)
    show_rx_buffer                           0x08008441   Thumb Code    62  my8266.o(.text)
    esp8266_send_cmd_ack2                    0x0800847f   Thumb Code    82  my8266.o(.text)
    esp8266_tcp_init                         0x080084d1   Thumb Code  1410  my8266.o(.text)
    generate_points_value_str                0x08008a53   Thumb Code   142  my8266.o(.text)
    send_post_request                        0x08008ae1   Thumb Code   126  my8266.o(.text)
    handle                                   0x08008b5f   Thumb Code    40  my8266.o(.text)
    esp8266_tcp_post                         0x08008b87   Thumb Code   178  my8266.o(.text)
    usart3_init                              0x08008d81   Thumb Code   172  usart3.o(.text)
    USART3_IRQHandler                        0x08008e2d   Thumb Code    84  usart3.o(.text)
    usart3_clear_rx_buffer                   0x08008e81   Thumb Code    20  usart3.o(.text)
    usart3_printf                            0x08008e95   Thumb Code    72  usart3.o(.text)
    tim3_NVIC_init                           0x08008f05   Thumb Code    90  timer.o(.text)
    TIM7_Int_Init                            0x08008f5f   Thumb Code    90  timer.o(.text)
    TIM7_IRQHandler                          0x08008fb9   Thumb Code    28  timer.o(.text)
    TIM3_IRQHandler                          0x08008fd5   Thumb Code    28  timer.o(.text)
    tim3_PWM_init                            0x08008ff1   Thumb Code   130  timer.o(.text)
    tim5_ch1_cap_init                        0x08009073   Thumb Code   170  timer.o(.text)
    TIM5_IRQHandler                          0x0800911d   Thumb Code   170  timer.o(.text)
    tim5_ch2_cap_init                        0x080091c7   Thumb Code   116  timer.o(.text)
    delay_init                               0x08009279   Thumb Code    50  delay.o(.text)
    delay_us                                 0x080092ab   Thumb Code    72  delay.o(.text)
    delay_ms                                 0x080092f3   Thumb Code    72  delay.o(.text)
    WFI_SET                                  0x0800934d   Thumb Code     4  sys.o(.text)
    INTX_DISABLE                             0x08009351   Thumb Code     4  sys.o(.text)
    INTX_ENABLE                              0x08009355   Thumb Code     4  sys.o(.text)
    _sys_exit                                0x08009359   Thumb Code     4  usart.o(.text)
    fputc                                    0x0800935d   Thumb Code    24  usart.o(.text)
    uart_init                                0x08009375   Thumb Code   152  usart.o(.text)
    USART1_IRQHandler                        0x0800940d   Thumb Code   122  usart.o(.text)
    Reset_Handler                            0x08009499   Thumb Code     8  startup_stm32f10x_hd.o(.text)
    ADC1_2_IRQHandler                        0x080094b3   Thumb Code     0  startup_stm32f10x_hd.o(.text)
    ADC3_IRQHandler                          0x080094b3   Thumb Code     0  startup_stm32f10x_hd.o(.text)
    CAN1_RX1_IRQHandler                      0x080094b3   Thumb Code     0  startup_stm32f10x_hd.o(.text)
    CAN1_SCE_IRQHandler                      0x080094b3   Thumb Code     0  startup_stm32f10x_hd.o(.text)
    DMA1_Channel1_IRQHandler                 0x080094b3   Thumb Code     0  startup_stm32f10x_hd.o(.text)
    DMA1_Channel2_IRQHandler                 0x080094b3   Thumb Code     0  startup_stm32f10x_hd.o(.text)
    DMA1_Channel3_IRQHandler                 0x080094b3   Thumb Code     0  startup_stm32f10x_hd.o(.text)
    DMA1_Channel4_IRQHandler                 0x080094b3   Thumb Code     0  startup_stm32f10x_hd.o(.text)
    DMA1_Channel5_IRQHandler                 0x080094b3   Thumb Code     0  startup_stm32f10x_hd.o(.text)
    DMA1_Channel6_IRQHandler                 0x080094b3   Thumb Code     0  startup_stm32f10x_hd.o(.text)
    DMA1_Channel7_IRQHandler                 0x080094b3   Thumb Code     0  startup_stm32f10x_hd.o(.text)
    DMA2_Channel1_IRQHandler                 0x080094b3   Thumb Code     0  startup_stm32f10x_hd.o(.text)
    DMA2_Channel2_IRQHandler                 0x080094b3   Thumb Code     0  startup_stm32f10x_hd.o(.text)
    DMA2_Channel3_IRQHandler                 0x080094b3   Thumb Code     0  startup_stm32f10x_hd.o(.text)
    DMA2_Channel4_5_IRQHandler               0x080094b3   Thumb Code     0  startup_stm32f10x_hd.o(.text)
    EXTI0_IRQHandler                         0x080094b3   Thumb Code     0  startup_stm32f10x_hd.o(.text)
    EXTI15_10_IRQHandler                     0x080094b3   Thumb Code     0  startup_stm32f10x_hd.o(.text)
    EXTI1_IRQHandler                         0x080094b3   Thumb Code     0  startup_stm32f10x_hd.o(.text)
    EXTI2_IRQHandler                         0x080094b3   Thumb Code     0  startup_stm32f10x_hd.o(.text)
    EXTI3_IRQHandler                         0x080094b3   Thumb Code     0  startup_stm32f10x_hd.o(.text)
    EXTI4_IRQHandler                         0x080094b3   Thumb Code     0  startup_stm32f10x_hd.o(.text)
    EXTI9_5_IRQHandler                       0x080094b3   Thumb Code     0  startup_stm32f10x_hd.o(.text)
    FLASH_IRQHandler                         0x080094b3   Thumb Code     0  startup_stm32f10x_hd.o(.text)
    FSMC_IRQHandler                          0x080094b3   Thumb Code     0  startup_stm32f10x_hd.o(.text)
    I2C1_ER_IRQHandler                       0x080094b3   Thumb Code     0  startup_stm32f10x_hd.o(.text)
    I2C1_EV_IRQHandler                       0x080094b3   Thumb Code     0  startup_stm32f10x_hd.o(.text)
    I2C2_ER_IRQHandler                       0x080094b3   Thumb Code     0  startup_stm32f10x_hd.o(.text)
    I2C2_EV_IRQHandler                       0x080094b3   Thumb Code     0  startup_stm32f10x_hd.o(.text)
    PVD_IRQHandler                           0x080094b3   Thumb Code     0  startup_stm32f10x_hd.o(.text)
    RCC_IRQHandler                           0x080094b3   Thumb Code     0  startup_stm32f10x_hd.o(.text)
    RTCAlarm_IRQHandler                      0x080094b3   Thumb Code     0  startup_stm32f10x_hd.o(.text)
    RTC_IRQHandler                           0x080094b3   Thumb Code     0  startup_stm32f10x_hd.o(.text)
    SPI1_IRQHandler                          0x080094b3   Thumb Code     0  startup_stm32f10x_hd.o(.text)
    SPI2_IRQHandler                          0x080094b3   Thumb Code     0  startup_stm32f10x_hd.o(.text)
    SPI3_IRQHandler                          0x080094b3   Thumb Code     0  startup_stm32f10x_hd.o(.text)
    TAMPER_IRQHandler                        0x080094b3   Thumb Code     0  startup_stm32f10x_hd.o(.text)
    TIM1_BRK_IRQHandler                      0x080094b3   Thumb Code     0  startup_stm32f10x_hd.o(.text)
    TIM1_CC_IRQHandler                       0x080094b3   Thumb Code     0  startup_stm32f10x_hd.o(.text)
    TIM1_TRG_COM_IRQHandler                  0x080094b3   Thumb Code     0  startup_stm32f10x_hd.o(.text)
    TIM1_UP_IRQHandler                       0x080094b3   Thumb Code     0  startup_stm32f10x_hd.o(.text)
    TIM2_IRQHandler                          0x080094b3   Thumb Code     0  startup_stm32f10x_hd.o(.text)
    TIM6_IRQHandler                          0x080094b3   Thumb Code     0  startup_stm32f10x_hd.o(.text)
    TIM8_BRK_IRQHandler                      0x080094b3   Thumb Code     0  startup_stm32f10x_hd.o(.text)
    TIM8_CC_IRQHandler                       0x080094b3   Thumb Code     0  startup_stm32f10x_hd.o(.text)
    TIM8_TRG_COM_IRQHandler                  0x080094b3   Thumb Code     0  startup_stm32f10x_hd.o(.text)
    TIM8_UP_IRQHandler                       0x080094b3   Thumb Code     0  startup_stm32f10x_hd.o(.text)
    UART4_IRQHandler                         0x080094b3   Thumb Code     0  startup_stm32f10x_hd.o(.text)
    UART5_IRQHandler                         0x080094b3   Thumb Code     0  startup_stm32f10x_hd.o(.text)
    USART2_IRQHandler                        0x080094b3   Thumb Code     0  startup_stm32f10x_hd.o(.text)
    USBWakeUp_IRQHandler                     0x080094b3   Thumb Code     0  startup_stm32f10x_hd.o(.text)
    USB_HP_CAN1_TX_IRQHandler                0x080094b3   Thumb Code     0  startup_stm32f10x_hd.o(.text)
    USB_LP_CAN1_RX0_IRQHandler               0x080094b3   Thumb Code     0  startup_stm32f10x_hd.o(.text)
    WWDG_IRQHandler                          0x080094b3   Thumb Code     0  startup_stm32f10x_hd.o(.text)
    NVIC_PriorityGroupConfig                 0x080094bd   Thumb Code    10  misc.o(.text)
    NVIC_Init                                0x080094c7   Thumb Code   100  misc.o(.text)
    NVIC_SetVectorTable                      0x0800952b   Thumb Code    14  misc.o(.text)
    NVIC_SystemLPConfig                      0x08009539   Thumb Code    34  misc.o(.text)
    SysTick_CLKSourceConfig                  0x0800955b   Thumb Code    40  misc.o(.text)
    FSMC_NORSRAMDeInit                       0x08009599   Thumb Code    54  stm32f10x_fsmc.o(.text)
    FSMC_NANDDeInit                          0x080095cf   Thumb Code    62  stm32f10x_fsmc.o(.text)
    FSMC_PCCARDDeInit                        0x0800960d   Thumb Code    36  stm32f10x_fsmc.o(.text)
    FSMC_NORSRAMInit                         0x08009631   Thumb Code   230  stm32f10x_fsmc.o(.text)
    FSMC_NANDInit                            0x08009717   Thumb Code   132  stm32f10x_fsmc.o(.text)
    FSMC_PCCARDInit                          0x0800979b   Thumb Code   130  stm32f10x_fsmc.o(.text)
    FSMC_NORSRAMStructInit                   0x0800981d   Thumb Code   114  stm32f10x_fsmc.o(.text)
    FSMC_NANDStructInit                      0x0800988f   Thumb Code    54  stm32f10x_fsmc.o(.text)
    FSMC_PCCARDStructInit                    0x080098c5   Thumb Code    60  stm32f10x_fsmc.o(.text)
    FSMC_NORSRAMCmd                          0x08009901   Thumb Code    46  stm32f10x_fsmc.o(.text)
    FSMC_NANDCmd                             0x0800992f   Thumb Code    86  stm32f10x_fsmc.o(.text)
    FSMC_PCCARDCmd                           0x08009985   Thumb Code    44  stm32f10x_fsmc.o(.text)
    FSMC_NANDECCCmd                          0x080099b1   Thumb Code    90  stm32f10x_fsmc.o(.text)
    FSMC_GetECC                              0x08009a0b   Thumb Code    24  stm32f10x_fsmc.o(.text)
    FSMC_ITConfig                            0x08009a23   Thumb Code   128  stm32f10x_fsmc.o(.text)
    FSMC_GetFlagStatus                       0x08009aa3   Thumb Code    54  stm32f10x_fsmc.o(.text)
    FSMC_ClearFlag                           0x08009ad9   Thumb Code    62  stm32f10x_fsmc.o(.text)
    FSMC_GetITStatus                         0x08009b17   Thumb Code    64  stm32f10x_fsmc.o(.text)
    FSMC_ClearITPendingBit                   0x08009b57   Thumb Code    68  stm32f10x_fsmc.o(.text)
    GPIO_DeInit                              0x08009ba5   Thumb Code   172  stm32f10x_gpio.o(.text)
    GPIO_AFIODeInit                          0x08009c51   Thumb Code    20  stm32f10x_gpio.o(.text)
    GPIO_Init                                0x08009c65   Thumb Code   278  stm32f10x_gpio.o(.text)
    GPIO_StructInit                          0x08009d7b   Thumb Code    16  stm32f10x_gpio.o(.text)
    GPIO_ReadInputDataBit                    0x08009d8b   Thumb Code    18  stm32f10x_gpio.o(.text)
    GPIO_ReadInputData                       0x08009d9d   Thumb Code     8  stm32f10x_gpio.o(.text)
    GPIO_ReadOutputDataBit                   0x08009da5   Thumb Code    18  stm32f10x_gpio.o(.text)
    GPIO_ReadOutputData                      0x08009db7   Thumb Code     8  stm32f10x_gpio.o(.text)
    GPIO_SetBits                             0x08009dbf   Thumb Code     4  stm32f10x_gpio.o(.text)
    GPIO_ResetBits                           0x08009dc3   Thumb Code     4  stm32f10x_gpio.o(.text)
    GPIO_WriteBit                            0x08009dc7   Thumb Code    10  stm32f10x_gpio.o(.text)
    GPIO_Write                               0x08009dd1   Thumb Code     4  stm32f10x_gpio.o(.text)
    GPIO_PinLockConfig                       0x08009dd5   Thumb Code    18  stm32f10x_gpio.o(.text)
    GPIO_EventOutputConfig                   0x08009de7   Thumb Code    26  stm32f10x_gpio.o(.text)
    GPIO_EventOutputCmd                      0x08009e01   Thumb Code     6  stm32f10x_gpio.o(.text)
    GPIO_PinRemapConfig                      0x08009e07   Thumb Code   138  stm32f10x_gpio.o(.text)
    GPIO_EXTILineConfig                      0x08009e91   Thumb Code    66  stm32f10x_gpio.o(.text)
    GPIO_ETH_MediaInterfaceConfig            0x08009ed3   Thumb Code     8  stm32f10x_gpio.o(.text)
    RCC_DeInit                               0x08009f01   Thumb Code    64  stm32f10x_rcc.o(.text)
    RCC_HSEConfig                            0x08009f41   Thumb Code    70  stm32f10x_rcc.o(.text)
    RCC_GetFlagStatus                        0x08009f87   Thumb Code    56  stm32f10x_rcc.o(.text)
    RCC_WaitForHSEStartUp                    0x08009fbf   Thumb Code    56  stm32f10x_rcc.o(.text)
    RCC_AdjustHSICalibrationValue            0x08009ff7   Thumb Code    20  stm32f10x_rcc.o(.text)
    RCC_HSICmd                               0x0800a00b   Thumb Code     6  stm32f10x_rcc.o(.text)
    RCC_PLLConfig                            0x0800a011   Thumb Code    24  stm32f10x_rcc.o(.text)
    RCC_PLLCmd                               0x0800a029   Thumb Code     6  stm32f10x_rcc.o(.text)
    RCC_SYSCLKConfig                         0x0800a02f   Thumb Code    18  stm32f10x_rcc.o(.text)
    RCC_GetSYSCLKSource                      0x0800a041   Thumb Code    10  stm32f10x_rcc.o(.text)
    RCC_HCLKConfig                           0x0800a04b   Thumb Code    18  stm32f10x_rcc.o(.text)
    RCC_PCLK1Config                          0x0800a05d   Thumb Code    18  stm32f10x_rcc.o(.text)
    RCC_PCLK2Config                          0x0800a06f   Thumb Code    20  stm32f10x_rcc.o(.text)
    RCC_ITConfig                             0x0800a083   Thumb Code    26  stm32f10x_rcc.o(.text)
    RCC_USBCLKConfig                         0x0800a09d   Thumb Code     8  stm32f10x_rcc.o(.text)
    RCC_ADCCLKConfig                         0x0800a0a5   Thumb Code    18  stm32f10x_rcc.o(.text)
    RCC_LSEConfig                            0x0800a0b7   Thumb Code    50  stm32f10x_rcc.o(.text)
    RCC_LSICmd                               0x0800a0e9   Thumb Code     6  stm32f10x_rcc.o(.text)
    RCC_RTCCLKConfig                         0x0800a0ef   Thumb Code    12  stm32f10x_rcc.o(.text)
    RCC_RTCCLKCmd                            0x0800a0fb   Thumb Code     8  stm32f10x_rcc.o(.text)
    RCC_GetClocksFreq                        0x0800a103   Thumb Code   192  stm32f10x_rcc.o(.text)
    RCC_AHBPeriphClockCmd                    0x0800a1c3   Thumb Code    26  stm32f10x_rcc.o(.text)
    RCC_APB2PeriphClockCmd                   0x0800a1dd   Thumb Code    26  stm32f10x_rcc.o(.text)
    RCC_APB1PeriphClockCmd                   0x0800a1f7   Thumb Code    26  stm32f10x_rcc.o(.text)
    RCC_APB2PeriphResetCmd                   0x0800a211   Thumb Code    26  stm32f10x_rcc.o(.text)
    RCC_APB1PeriphResetCmd                   0x0800a22b   Thumb Code    26  stm32f10x_rcc.o(.text)
    RCC_BackupResetCmd                       0x0800a245   Thumb Code     8  stm32f10x_rcc.o(.text)
    RCC_ClockSecuritySystemCmd               0x0800a24d   Thumb Code     6  stm32f10x_rcc.o(.text)
    RCC_MCOConfig                            0x0800a253   Thumb Code     6  stm32f10x_rcc.o(.text)
    RCC_ClearFlag                            0x0800a259   Thumb Code    14  stm32f10x_rcc.o(.text)
    RCC_GetITStatus                          0x0800a267   Thumb Code    20  stm32f10x_rcc.o(.text)
    RCC_ClearITPendingBit                    0x0800a27b   Thumb Code     6  stm32f10x_rcc.o(.text)
    SPI_I2S_DeInit                           0x0800a2a5   Thumb Code    76  stm32f10x_spi.o(.text)
    SPI_Init                                 0x0800a2f1   Thumb Code    60  stm32f10x_spi.o(.text)
    I2S_Init                                 0x0800a32d   Thumb Code   226  stm32f10x_spi.o(.text)
    SPI_StructInit                           0x0800a40f   Thumb Code    24  stm32f10x_spi.o(.text)
    I2S_StructInit                           0x0800a427   Thumb Code    20  stm32f10x_spi.o(.text)
    SPI_Cmd                                  0x0800a43b   Thumb Code    24  stm32f10x_spi.o(.text)
    I2S_Cmd                                  0x0800a453   Thumb Code    24  stm32f10x_spi.o(.text)
    SPI_I2S_ITConfig                         0x0800a46b   Thumb Code    32  stm32f10x_spi.o(.text)
    SPI_I2S_DMACmd                           0x0800a48b   Thumb Code    18  stm32f10x_spi.o(.text)
    SPI_I2S_SendData                         0x0800a49d   Thumb Code     4  stm32f10x_spi.o(.text)
    SPI_I2S_ReceiveData                      0x0800a4a1   Thumb Code     6  stm32f10x_spi.o(.text)
    SPI_NSSInternalSoftwareConfig            0x0800a4a7   Thumb Code    30  stm32f10x_spi.o(.text)
    SPI_SSOutputCmd                          0x0800a4c5   Thumb Code    24  stm32f10x_spi.o(.text)
    SPI_DataSizeConfig                       0x0800a4dd   Thumb Code    18  stm32f10x_spi.o(.text)
    SPI_TransmitCRC                          0x0800a4ef   Thumb Code    10  stm32f10x_spi.o(.text)
    SPI_CalculateCRC                         0x0800a4f9   Thumb Code    24  stm32f10x_spi.o(.text)
    SPI_GetCRC                               0x0800a511   Thumb Code    16  stm32f10x_spi.o(.text)
    SPI_GetCRCPolynomial                     0x0800a521   Thumb Code     6  stm32f10x_spi.o(.text)
    SPI_BiDirectionalLineConfig              0x0800a527   Thumb Code    28  stm32f10x_spi.o(.text)
    SPI_I2S_GetFlagStatus                    0x0800a543   Thumb Code    18  stm32f10x_spi.o(.text)
    SPI_I2S_ClearFlag                        0x0800a555   Thumb Code     6  stm32f10x_spi.o(.text)
    SPI_I2S_GetITStatus                      0x0800a55b   Thumb Code    52  stm32f10x_spi.o(.text)
    SPI_I2S_ClearITPendingBit                0x0800a58f   Thumb Code    20  stm32f10x_spi.o(.text)
    USART_DeInit                             0x0800a5b1   Thumb Code   134  stm32f10x_usart.o(.text)
    USART_Init                               0x0800a637   Thumb Code   210  stm32f10x_usart.o(.text)
    USART_StructInit                         0x0800a709   Thumb Code    24  stm32f10x_usart.o(.text)
    USART_ClockInit                          0x0800a721   Thumb Code    34  stm32f10x_usart.o(.text)
    USART_ClockStructInit                    0x0800a743   Thumb Code    12  stm32f10x_usart.o(.text)
    USART_Cmd                                0x0800a74f   Thumb Code    24  stm32f10x_usart.o(.text)
    USART_ITConfig                           0x0800a767   Thumb Code    74  stm32f10x_usart.o(.text)
    USART_DMACmd                             0x0800a7b1   Thumb Code    18  stm32f10x_usart.o(.text)
    USART_SetAddress                         0x0800a7c3   Thumb Code    18  stm32f10x_usart.o(.text)
    USART_WakeUpConfig                       0x0800a7d5   Thumb Code    18  stm32f10x_usart.o(.text)
    USART_ReceiverWakeUpCmd                  0x0800a7e7   Thumb Code    24  stm32f10x_usart.o(.text)
    USART_LINBreakDetectLengthConfig         0x0800a7ff   Thumb Code    18  stm32f10x_usart.o(.text)
    USART_LINCmd                             0x0800a811   Thumb Code    24  stm32f10x_usart.o(.text)
    USART_SendData                           0x0800a829   Thumb Code     8  stm32f10x_usart.o(.text)
    USART_ReceiveData                        0x0800a831   Thumb Code    10  stm32f10x_usart.o(.text)
    USART_SendBreak                          0x0800a83b   Thumb Code    10  stm32f10x_usart.o(.text)
    USART_SetGuardTime                       0x0800a845   Thumb Code    16  stm32f10x_usart.o(.text)
    USART_SetPrescaler                       0x0800a855   Thumb Code    16  stm32f10x_usart.o(.text)
    USART_SmartCardCmd                       0x0800a865   Thumb Code    24  stm32f10x_usart.o(.text)
    USART_SmartCardNACKCmd                   0x0800a87d   Thumb Code    24  stm32f10x_usart.o(.text)
    USART_HalfDuplexCmd                      0x0800a895   Thumb Code    24  stm32f10x_usart.o(.text)
    USART_OverSampling8Cmd                   0x0800a8ad   Thumb Code    22  stm32f10x_usart.o(.text)
    USART_OneBitMethodCmd                    0x0800a8c3   Thumb Code    24  stm32f10x_usart.o(.text)
    USART_IrDAConfig                         0x0800a8db   Thumb Code    18  stm32f10x_usart.o(.text)
    USART_IrDACmd                            0x0800a8ed   Thumb Code    24  stm32f10x_usart.o(.text)
    USART_GetFlagStatus                      0x0800a905   Thumb Code    26  stm32f10x_usart.o(.text)
    USART_ClearFlag                          0x0800a91f   Thumb Code    18  stm32f10x_usart.o(.text)
    USART_GetITStatus                        0x0800a931   Thumb Code    84  stm32f10x_usart.o(.text)
    USART_ClearITPendingBit                  0x0800a985   Thumb Code    52  stm32f10x_usart.o(.text)
    TIM_DeInit                               0x0800a9b9   Thumb Code   424  stm32f10x_tim.o(.text)
    TIM_TimeBaseInit                         0x0800ab61   Thumb Code   122  stm32f10x_tim.o(.text)
    TIM_OC1Init                              0x0800abdb   Thumb Code   132  stm32f10x_tim.o(.text)
    TIM_OC2Init                              0x0800ac5f   Thumb Code   154  stm32f10x_tim.o(.text)
    TIM_OC3Init                              0x0800acf9   Thumb Code   150  stm32f10x_tim.o(.text)
    TIM_OC4Init                              0x0800ad8f   Thumb Code   182  stm32f10x_tim.o(.text)
    TIM_SetIC4Prescaler                      0x0800ae45   Thumb Code    26  stm32f10x_tim.o(.text)
    TIM_SetIC3Prescaler                      0x0800aee1   Thumb Code    18  stm32f10x_tim.o(.text)
    TIM_SetIC2Prescaler                      0x0800af6d   Thumb Code    26  stm32f10x_tim.o(.text)
    TIM_SetIC1Prescaler                      0x0800b009   Thumb Code    18  stm32f10x_tim.o(.text)
    TIM_ICInit                               0x0800b087   Thumb Code   150  stm32f10x_tim.o(.text)
    TIM_PWMIConfig                           0x0800b11d   Thumb Code   124  stm32f10x_tim.o(.text)
    TIM_BDTRConfig                           0x0800b199   Thumb Code    32  stm32f10x_tim.o(.text)
    TIM_TimeBaseStructInit                   0x0800b1b9   Thumb Code    18  stm32f10x_tim.o(.text)
    TIM_OCStructInit                         0x0800b1cb   Thumb Code    20  stm32f10x_tim.o(.text)
    TIM_ICStructInit                         0x0800b1df   Thumb Code    18  stm32f10x_tim.o(.text)
    TIM_BDTRStructInit                       0x0800b1f1   Thumb Code    40  stm32f10x_tim.o(.text)
    TIM_Cmd                                  0x0800b219   Thumb Code    24  stm32f10x_tim.o(.text)
    TIM_CtrlPWMOutputs                       0x0800b231   Thumb Code    30  stm32f10x_tim.o(.text)
    TIM_ITConfig                             0x0800b24f   Thumb Code    18  stm32f10x_tim.o(.text)
    TIM_GenerateEvent                        0x0800b261   Thumb Code     4  stm32f10x_tim.o(.text)
    TIM_DMAConfig                            0x0800b265   Thumb Code    10  stm32f10x_tim.o(.text)
    TIM_DMACmd                               0x0800b26f   Thumb Code    18  stm32f10x_tim.o(.text)
    TIM_InternalClockConfig                  0x0800b281   Thumb Code    12  stm32f10x_tim.o(.text)
    TIM_SelectInputTrigger                   0x0800b28d   Thumb Code    18  stm32f10x_tim.o(.text)
    TIM_ITRxExternalClockConfig              0x0800b29f   Thumb Code    24  stm32f10x_tim.o(.text)
    TIM_TIxExternalClockConfig               0x0800b2b7   Thumb Code    62  stm32f10x_tim.o(.text)
    TIM_ETRConfig                            0x0800b2f5   Thumb Code    28  stm32f10x_tim.o(.text)
    TIM_ETRClockMode1Config                  0x0800b311   Thumb Code    54  stm32f10x_tim.o(.text)
    TIM_ETRClockMode2Config                  0x0800b347   Thumb Code    32  stm32f10x_tim.o(.text)
    TIM_PrescalerConfig                      0x0800b367   Thumb Code     6  stm32f10x_tim.o(.text)
    TIM_CounterModeConfig                    0x0800b36d   Thumb Code    18  stm32f10x_tim.o(.text)
    TIM_EncoderInterfaceConfig               0x0800b37f   Thumb Code    66  stm32f10x_tim.o(.text)
    TIM_ForcedOC1Config                      0x0800b3c1   Thumb Code    18  stm32f10x_tim.o(.text)
    TIM_ForcedOC2Config                      0x0800b3d3   Thumb Code    26  stm32f10x_tim.o(.text)
    TIM_ForcedOC3Config                      0x0800b3ed   Thumb Code    18  stm32f10x_tim.o(.text)
    TIM_ForcedOC4Config                      0x0800b3ff   Thumb Code    26  stm32f10x_tim.o(.text)
    TIM_ARRPreloadConfig                     0x0800b419   Thumb Code    24  stm32f10x_tim.o(.text)
    TIM_SelectCOM                            0x0800b431   Thumb Code    24  stm32f10x_tim.o(.text)
    TIM_SelectCCDMA                          0x0800b449   Thumb Code    24  stm32f10x_tim.o(.text)
    TIM_CCPreloadControl                     0x0800b461   Thumb Code    24  stm32f10x_tim.o(.text)
    TIM_OC1PreloadConfig                     0x0800b479   Thumb Code    18  stm32f10x_tim.o(.text)
    TIM_OC2PreloadConfig                     0x0800b48b   Thumb Code    26  stm32f10x_tim.o(.text)
    TIM_OC3PreloadConfig                     0x0800b4a5   Thumb Code    18  stm32f10x_tim.o(.text)
    TIM_OC4PreloadConfig                     0x0800b4b7   Thumb Code    26  stm32f10x_tim.o(.text)
    TIM_OC1FastConfig                        0x0800b4d1   Thumb Code    18  stm32f10x_tim.o(.text)
    TIM_OC2FastConfig                        0x0800b4e3   Thumb Code    26  stm32f10x_tim.o(.text)
    TIM_OC3FastConfig                        0x0800b4fd   Thumb Code    18  stm32f10x_tim.o(.text)
    TIM_OC4FastConfig                        0x0800b50f   Thumb Code    26  stm32f10x_tim.o(.text)
    TIM_ClearOC1Ref                          0x0800b529   Thumb Code    18  stm32f10x_tim.o(.text)
    TIM_ClearOC2Ref                          0x0800b53b   Thumb Code    24  stm32f10x_tim.o(.text)
    TIM_ClearOC3Ref                          0x0800b553   Thumb Code    18  stm32f10x_tim.o(.text)
    TIM_ClearOC4Ref                          0x0800b565   Thumb Code    24  stm32f10x_tim.o(.text)
    TIM_OC1PolarityConfig                    0x0800b57d   Thumb Code    18  stm32f10x_tim.o(.text)
    TIM_OC1NPolarityConfig                   0x0800b58f   Thumb Code    18  stm32f10x_tim.o(.text)
    TIM_OC2PolarityConfig                    0x0800b5a1   Thumb Code    26  stm32f10x_tim.o(.text)
    TIM_OC2NPolarityConfig                   0x0800b5bb   Thumb Code    26  stm32f10x_tim.o(.text)
    TIM_OC3PolarityConfig                    0x0800b5d5   Thumb Code    26  stm32f10x_tim.o(.text)
    TIM_OC3NPolarityConfig                   0x0800b5ef   Thumb Code    26  stm32f10x_tim.o(.text)
    TIM_OC4PolarityConfig                    0x0800b609   Thumb Code    26  stm32f10x_tim.o(.text)
    TIM_CCxCmd                               0x0800b623   Thumb Code    30  stm32f10x_tim.o(.text)
    TIM_CCxNCmd                              0x0800b641   Thumb Code    30  stm32f10x_tim.o(.text)
    TIM_SelectOCxM                           0x0800b65f   Thumb Code    82  stm32f10x_tim.o(.text)
    TIM_UpdateDisableConfig                  0x0800b6b1   Thumb Code    24  stm32f10x_tim.o(.text)
    TIM_UpdateRequestConfig                  0x0800b6c9   Thumb Code    24  stm32f10x_tim.o(.text)
    TIM_SelectHallSensor                     0x0800b6e1   Thumb Code    24  stm32f10x_tim.o(.text)
    TIM_SelectOnePulseMode                   0x0800b6f9   Thumb Code    18  stm32f10x_tim.o(.text)
    TIM_SelectOutputTrigger                  0x0800b70b   Thumb Code    18  stm32f10x_tim.o(.text)
    TIM_SelectSlaveMode                      0x0800b71d   Thumb Code    18  stm32f10x_tim.o(.text)
    TIM_SelectMasterSlaveMode                0x0800b72f   Thumb Code    18  stm32f10x_tim.o(.text)
    TIM_SetCounter                           0x0800b741   Thumb Code     4  stm32f10x_tim.o(.text)
    TIM_SetAutoreload                        0x0800b745   Thumb Code     4  stm32f10x_tim.o(.text)
    TIM_SetCompare1                          0x0800b749   Thumb Code     4  stm32f10x_tim.o(.text)
    TIM_SetCompare2                          0x0800b74d   Thumb Code     4  stm32f10x_tim.o(.text)
    TIM_SetCompare3                          0x0800b751   Thumb Code     4  stm32f10x_tim.o(.text)
    TIM_SetCompare4                          0x0800b755   Thumb Code     6  stm32f10x_tim.o(.text)
    TIM_SetClockDivision                     0x0800b75b   Thumb Code    18  stm32f10x_tim.o(.text)
    TIM_GetCapture1                          0x0800b76d   Thumb Code     6  stm32f10x_tim.o(.text)
    TIM_GetCapture2                          0x0800b773   Thumb Code     6  stm32f10x_tim.o(.text)
    TIM_GetCapture3                          0x0800b779   Thumb Code     6  stm32f10x_tim.o(.text)
    TIM_GetCapture4                          0x0800b77f   Thumb Code     8  stm32f10x_tim.o(.text)
    TIM_GetCounter                           0x0800b787   Thumb Code     6  stm32f10x_tim.o(.text)
    TIM_GetPrescaler                         0x0800b78d   Thumb Code     6  stm32f10x_tim.o(.text)
    TIM_GetFlagStatus                        0x0800b793   Thumb Code    18  stm32f10x_tim.o(.text)
    TIM_ClearFlag                            0x0800b7a5   Thumb Code     6  stm32f10x_tim.o(.text)
    TIM_GetITStatus                          0x0800b7ab   Thumb Code    34  stm32f10x_tim.o(.text)
    TIM_ClearITPendingBit                    0x0800b7cd   Thumb Code     6  stm32f10x_tim.o(.text)
    DMA_DeInit                               0x0800b7d5   Thumb Code   324  stm32f10x_dma.o(.text)
    DMA_Init                                 0x0800b919   Thumb Code    60  stm32f10x_dma.o(.text)
    DMA_StructInit                           0x0800b955   Thumb Code    26  stm32f10x_dma.o(.text)
    DMA_Cmd                                  0x0800b96f   Thumb Code    24  stm32f10x_dma.o(.text)
    DMA_ITConfig                             0x0800b987   Thumb Code    18  stm32f10x_dma.o(.text)
    DMA_SetCurrDataCounter                   0x0800b999   Thumb Code     4  stm32f10x_dma.o(.text)
    DMA_GetCurrDataCounter                   0x0800b99d   Thumb Code     8  stm32f10x_dma.o(.text)
    DMA_GetFlagStatus                        0x0800b9a5   Thumb Code    40  stm32f10x_dma.o(.text)
    DMA_ClearFlag                            0x0800b9cd   Thumb Code    22  stm32f10x_dma.o(.text)
    DMA_GetITStatus                          0x0800b9e3   Thumb Code    40  stm32f10x_dma.o(.text)
    DMA_ClearITPendingBit                    0x0800ba0b   Thumb Code    22  stm32f10x_dma.o(.text)
    SDIO_DeInit                              0x0800ba29   Thumb Code    28  stm32f10x_sdio.o(.text)
    SDIO_Init                                0x0800ba45   Thumb Code    42  stm32f10x_sdio.o(.text)
    SDIO_StructInit                          0x0800ba6f   Thumb Code    16  stm32f10x_sdio.o(.text)
    SDIO_ClockCmd                            0x0800ba7f   Thumb Code     6  stm32f10x_sdio.o(.text)
    SDIO_SetPowerState                       0x0800ba85   Thumb Code    22  stm32f10x_sdio.o(.text)
    SDIO_GetPowerState                       0x0800ba9b   Thumb Code    10  stm32f10x_sdio.o(.text)
    SDIO_ITConfig                            0x0800baa5   Thumb Code    26  stm32f10x_sdio.o(.text)
    SDIO_DMACmd                              0x0800babf   Thumb Code     6  stm32f10x_sdio.o(.text)
    SDIO_SendCommand                         0x0800bac5   Thumb Code    38  stm32f10x_sdio.o(.text)
    SDIO_CmdStructInit                       0x0800baeb   Thumb Code    14  stm32f10x_sdio.o(.text)
    SDIO_GetCommandResponse                  0x0800baf9   Thumb Code     8  stm32f10x_sdio.o(.text)
    SDIO_GetResponse                         0x0800bb01   Thumb Code    22  stm32f10x_sdio.o(.text)
    SDIO_DataConfig                          0x0800bb17   Thumb Code    42  stm32f10x_sdio.o(.text)
    SDIO_DataStructInit                      0x0800bb41   Thumb Code    20  stm32f10x_sdio.o(.text)
    SDIO_GetDataCounter                      0x0800bb55   Thumb Code     6  stm32f10x_sdio.o(.text)
    SDIO_ReadData                            0x0800bb5b   Thumb Code     8  stm32f10x_sdio.o(.text)
    SDIO_WriteData                           0x0800bb63   Thumb Code     8  stm32f10x_sdio.o(.text)
    SDIO_GetFIFOCount                        0x0800bb6b   Thumb Code     6  stm32f10x_sdio.o(.text)
    SDIO_StartSDIOReadWait                   0x0800bb71   Thumb Code     8  stm32f10x_sdio.o(.text)
    SDIO_StopSDIOReadWait                    0x0800bb79   Thumb Code     8  stm32f10x_sdio.o(.text)
    SDIO_SetSDIOReadWaitMode                 0x0800bb81   Thumb Code     8  stm32f10x_sdio.o(.text)
    SDIO_SetSDIOOperation                    0x0800bb89   Thumb Code     8  stm32f10x_sdio.o(.text)
    SDIO_SendSDIOSuspendCmd                  0x0800bb91   Thumb Code     6  stm32f10x_sdio.o(.text)
    SDIO_CommandCompletionCmd                0x0800bb97   Thumb Code     8  stm32f10x_sdio.o(.text)
    SDIO_CEATAITCmd                          0x0800bb9f   Thumb Code    12  stm32f10x_sdio.o(.text)
    SDIO_SendCEATACmd                        0x0800bbab   Thumb Code     8  stm32f10x_sdio.o(.text)
    SDIO_GetFlagStatus                       0x0800bbb3   Thumb Code    20  stm32f10x_sdio.o(.text)
    SDIO_ClearFlag                           0x0800bbc7   Thumb Code     6  stm32f10x_sdio.o(.text)
    SDIO_GetITStatus                         0x0800bbcd   Thumb Code    20  stm32f10x_sdio.o(.text)
    SDIO_ClearITPendingBit                   0x0800bbe1   Thumb Code     6  stm32f10x_sdio.o(.text)
    mymemcpy                                 0x0800bbfd   Thumb Code    26  malloc.o(.text)
    mymemset                                 0x0800bc17   Thumb Code    20  malloc.o(.text)
    my_mem_init                              0x0800bc2b   Thumb Code    54  malloc.o(.text)
    my_mem_perused                           0x0800bc61   Thumb Code    54  malloc.o(.text)
    my_mem_malloc                            0x0800bc97   Thumb Code   154  malloc.o(.text)
    my_mem_free                              0x0800bd31   Thumb Code    94  malloc.o(.text)
    myfree                                   0x0800bd8f   Thumb Code    32  malloc.o(.text)
    mymalloc                                 0x0800bdaf   Thumb Code    36  malloc.o(.text)
    myrealloc                                0x0800bdd3   Thumb Code    68  malloc.o(.text)
    disk_status                              0x0800be29   Thumb Code     6  diskio.o(.text)
    disk_initialize                          0x0800be2f   Thumb Code    52  diskio.o(.text)
    disk_read                                0x0800be63   Thumb Code   122  diskio.o(.text)
    disk_write                               0x0800bedd   Thumb Code   122  diskio.o(.text)
    disk_ioctl                               0x0800bf57   Thumb Code   170  diskio.o(.text)
    get_fattime                              0x0800c001   Thumb Code     4  diskio.o(.text)
    ff_memalloc                              0x0800c005   Thumb Code    14  diskio.o(.text)
    ff_memfree                               0x0800c013   Thumb Code    14  diskio.o(.text)
    clust2sect                               0x0800c1df   Thumb Code    26  ff.o(.text)
    get_fat                                  0x0800c1f9   Thumb Code   242  ff.o(.text)
    put_fat                                  0x0800c2eb   Thumb Code   322  ff.o(.text)
    dir_sdi                                  0x0800c5a1   Thumb Code   158  ff.o(.text)
    f_mount                                  0x0800d62b   Thumb Code    86  ff.o(.text)
    f_open                                   0x0800d681   Thumb Code   384  ff.o(.text)
    f_read                                   0x0800d801   Thumb Code   450  ff.o(.text)
    f_write                                  0x0800d9c3   Thumb Code   490  ff.o(.text)
    f_sync                                   0x0800dbad   Thumb Code   176  ff.o(.text)
    f_close                                  0x0800dc5d   Thumb Code    32  ff.o(.text)
    f_lseek                                  0x0800dc7d   Thumb Code   684  ff.o(.text)
    f_opendir                                0x0800df29   Thumb Code   136  ff.o(.text)
    f_closedir                               0x0800dfb1   Thumb Code    22  ff.o(.text)
    f_readdir                                0x0800dfc7   Thumb Code   114  ff.o(.text)
    f_stat                                   0x0800e039   Thumb Code    84  ff.o(.text)
    f_getfree                                0x0800e08d   Thumb Code   258  ff.o(.text)
    f_truncate                               0x0800e18f   Thumb Code   184  ff.o(.text)
    f_unlink                                 0x0800e247   Thumb Code   190  ff.o(.text)
    f_mkdir                                  0x0800e305   Thumb Code   380  ff.o(.text)
    f_chmod                                  0x0800e481   Thumb Code   112  ff.o(.text)
    f_rename                                 0x0800e4f1   Thumb Code   290  ff.o(.text)
    f_utime                                  0x0800e613   Thumb Code   110  ff.o(.text)
    f_getlabel                               0x0800e681   Thumb Code   190  ff.o(.text)
    f_setlabel                               0x0800e73f   Thumb Code   482  ff.o(.text)
    f_mkfs                                   0x0800e921   Thumb Code  1578  ff.o(.text)
    f_gets                                   0x0800ef4b   Thumb Code    82  ff.o(.text)
    f_putc                                   0x0800efe1   Thumb Code    64  ff.o(.text)
    f_puts                                   0x0800f021   Thumb Code    74  ff.o(.text)
    f_printf                                 0x0800f06b   Thumb Code   674  ff.o(.text)
    exfuns_init                              0x0800f30d   Thumb Code   114  exfuns.o(.text)
    char_upper                               0x0800f37f   Thumb Code    26  exfuns.o(.text)
    f_typetell                               0x0800f399   Thumb Code   188  exfuns.o(.text)
    exf_getfree                              0x0800f455   Thumb Code    74  exfuns.o(.text)
    mf_mount                                 0x0800f4b5   Thumb Code    20  fattester.o(.text)
    mf_open                                  0x0800f4c9   Thumb Code    24  fattester.o(.text)
    mf_close                                 0x0800f4e1   Thumb Code    14  fattester.o(.text)
    mf_read                                  0x0800f4ef   Thumb Code   224  fattester.o(.text)
    mf_write                                 0x0800f5cf   Thumb Code    68  fattester.o(.text)
    mf_opendir                               0x0800f613   Thumb Code    14  fattester.o(.text)
    mf_closedir                              0x0800f621   Thumb Code    10  fattester.o(.text)
    mf_readdir                               0x0800f62b   Thumb Code   204  fattester.o(.text)
    mf_scan_files                            0x0800f6f7   Thumb Code   120  fattester.o(.text)
    mf_showfree                              0x0800f76f   Thumb Code    88  fattester.o(.text)
    mf_lseek                                 0x0800f7c7   Thumb Code    16  fattester.o(.text)
    mf_tell                                  0x0800f7d7   Thumb Code     8  fattester.o(.text)
    mf_size                                  0x0800f7df   Thumb Code     8  fattester.o(.text)
    mf_mkdir                                 0x0800f7e7   Thumb Code    12  fattester.o(.text)
    mf_fmkfs                                 0x0800f7f3   Thumb Code    20  fattester.o(.text)
    mf_unlink                                0x0800f807   Thumb Code    12  fattester.o(.text)
    mf_rename                                0x0800f813   Thumb Code    16  fattester.o(.text)
    mf_getlabel                              0x0800f823   Thumb Code    58  fattester.o(.text)
    mf_setlabel                              0x0800f85d   Thumb Code    34  fattester.o(.text)
    mf_gets                                  0x0800f87f   Thumb Code   698  fattester.o(.text)
    mf_putc                                  0x0800fb39   Thumb Code    18  fattester.o(.text)
    mf_puts                                  0x0800fb4b   Thumb Code    18  fattester.o(.text)
    ff_convert                               0x0800fb7d   Thumb Code   146  mycc936.o(.text)
    ff_wtoupper                              0x0800fc0f   Thumb Code    46  mycc936.o(.text)
    usmart_sys_cmd_exe                       0x0800fc49   Thumb Code  1554  usmart.o(.text)
    usmart_reset_runtime                     0x0801025b   Thumb Code    38  usmart.o(.text)
    usmart_get_runtime                       0x08010281   Thumb Code    60  usmart.o(.text)
    TIM4_IRQHandler                          0x080102bd   Thumb Code    46  usmart.o(.text)
    Timer4_Init                              0x080102eb   Thumb Code    88  usmart.o(.text)
    usmart_init                              0x08010343   Thumb Code    36  usmart.o(.text)
    usmart_cmd_rec                           0x08010367   Thumb Code   170  usmart.o(.text)
    usmart_exe                               0x08010411   Thumb Code   870  usmart.o(.text)
    usmart_scan                              0x08010777   Thumb Code   120  usmart.o(.text)
    read_addr                                0x080107ef   Thumb Code     6  usmart.o(.text)
    write_addr                               0x080107f5   Thumb Code     4  usmart.o(.text)
    usmart_strcmp                            0x08010881   Thumb Code    34  usmart_str.o(.text)
    usmart_strcopy                           0x080108a3   Thumb Code    22  usmart_str.o(.text)
    usmart_strlen                            0x080108b9   Thumb Code    24  usmart_str.o(.text)
    usmart_pow                               0x080108d1   Thumb Code    22  usmart_str.o(.text)
    usmart_str2num                           0x080108e7   Thumb Code   202  usmart_str.o(.text)
    usmart_get_cmdname                       0x080109b1   Thumb Code    54  usmart_str.o(.text)
    usmart_search_nextc                      0x080109e7   Thumb Code    22  usmart_str.o(.text)
    usmart_get_fname                         0x080109fd   Thumb Code   440  usmart_str.o(.text)
    usmart_get_aparm                         0x08010bb5   Thumb Code   200  usmart_str.o(.text)
    usmart_get_parmpos                       0x08010c7d   Thumb Code    26  usmart_str.o(.text)
    usmart_get_fparam                        0x08010c97   Thumb Code   262  usmart_str.o(.text)
    fupd_prog                                0x08010da9   Thumb Code   134  fontupd.o(.text)
    updata_fontx                             0x08010e2f   Thumb Code   346  fontupd.o(.text)
    update_font                              0x08010f89   Thumb Code   882  fontupd.o(.text)
    font_init                                0x080112fb   Thumb Code    64  fontupd.o(.text)
    Get_HzMat                                0x08011379   Thumb Code   220  text.o(.text)
    Show_Font                                0x08011455   Thumb Code   190  text.o(.text)
    Show_Str                                 0x08011513   Thumb Code   192  text.o(.text)
    Show_Str_Mid                             0x080115d3   Thumb Code   106  text.o(.text)
    __aeabi_ldivmod                          0x0801164d   Thumb Code    98  ldiv.o(.text)
    __aeabi_memcpy                           0x080116af   Thumb Code    36  memcpya.o(.text)
    __aeabi_memcpy4                          0x080116af   Thumb Code     0  memcpya.o(.text)
    __aeabi_memcpy8                          0x080116af   Thumb Code     0  memcpya.o(.text)
    __aeabi_memset                           0x080116d3   Thumb Code    14  memseta.o(.text)
    __aeabi_memset4                          0x080116d3   Thumb Code     0  memseta.o(.text)
    __aeabi_memset8                          0x080116d3   Thumb Code     0  memseta.o(.text)
    __aeabi_memclr                           0x080116e1   Thumb Code     4  memseta.o(.text)
    __aeabi_memclr4                          0x080116e1   Thumb Code     0  memseta.o(.text)
    __aeabi_memclr8                          0x080116e1   Thumb Code     0  memseta.o(.text)
    _memset$wrapper                          0x080116e5   Thumb Code    18  memseta.o(.text)
    strcat                                   0x080116f7   Thumb Code    24  strcat.o(.text)
    strstr                                   0x0801170f   Thumb Code    36  strstr.o(.text)
    strlen                                   0x08011733   Thumb Code    14  strlen.o(.text)
    strcmp                                   0x08011741   Thumb Code    28  strcmp.o(.text)
    strcpy                                   0x0801175d   Thumb Code    18  strcpy.o(.text)
    __aeabi_fadd                             0x0801176f   Thumb Code   164  fadd.o(.text)
    __aeabi_fsub                             0x08011813   Thumb Code     6  fadd.o(.text)
    __aeabi_frsub                            0x08011819   Thumb Code     6  fadd.o(.text)
    __aeabi_fmul                             0x0801181f   Thumb Code   100  fmul.o(.text)
    __aeabi_fdiv                             0x08011883   Thumb Code   124  fdiv.o(.text)
    __aeabi_dadd                             0x080118ff   Thumb Code   322  dadd.o(.text)
    __aeabi_dsub                             0x08011a41   Thumb Code     6  dadd.o(.text)
    __aeabi_drsub                            0x08011a47   Thumb Code     6  dadd.o(.text)
    __aeabi_dmul                             0x08011a4d   Thumb Code   228  dmul.o(.text)
    __aeabi_i2f                              0x08011b31   Thumb Code    18  fflti.o(.text)
    __aeabi_ui2f                             0x08011b43   Thumb Code    10  ffltui.o(.text)
    __aeabi_i2d                              0x08011b4d   Thumb Code    34  dflti.o(.text)
    __aeabi_ui2d                             0x08011b6f   Thumb Code    26  dfltui.o(.text)
    __aeabi_f2iz                             0x08011b89   Thumb Code    50  ffixi.o(.text)
    __aeabi_f2uiz                            0x08011bbb   Thumb Code    40  ffixui.o(.text)
    __aeabi_d2uiz                            0x08011be3   Thumb Code    50  dfixui.o(.text)
    __aeabi_f2d                              0x08011c15   Thumb Code    38  f2d.o(.text)
    __aeabi_cdcmpeq                          0x08011c3d   Thumb Code     0  cdcmple.o(.text)
    __aeabi_cdcmple                          0x08011c3d   Thumb Code    48  cdcmple.o(.text)
    __aeabi_cdrcmple                         0x08011c6d   Thumb Code    48  cdrcmple.o(.text)
    __aeabi_cfcmpeq                          0x08011c9d   Thumb Code     0  cfcmple.o(.text)
    __aeabi_cfcmple                          0x08011c9d   Thumb Code    20  cfcmple.o(.text)
    __aeabi_uidiv                            0x08011cb1   Thumb Code     0  uidiv.o(.text)
    __aeabi_uidivmod                         0x08011cb1   Thumb Code    44  uidiv.o(.text)
    __aeabi_uldivmod                         0x08011cdd   Thumb Code    98  uldiv.o(.text)
    __aeabi_llsl                             0x08011d3f   Thumb Code    30  llshl.o(.text)
    _ll_shift_l                              0x08011d3f   Thumb Code     0  llshl.o(.text)
    __aeabi_llsr                             0x08011d5d   Thumb Code    32  llushr.o(.text)
    _ll_ushift_r                             0x08011d5d   Thumb Code     0  llushr.o(.text)
    __aeabi_lasr                             0x08011d7d   Thumb Code    36  llsshr.o(.text)
    _ll_sshift_r                             0x08011d7d   Thumb Code     0  llsshr.o(.text)
    __I$use$fp                               0x08011da1   Thumb Code     0  iusefp.o(.text)
    _float_round                             0x08011da1   Thumb Code    18  fepilogue.o(.text)
    _float_epilogue                          0x08011db3   Thumb Code    92  fepilogue.o(.text)
    _double_round                            0x08011e0f   Thumb Code    30  depilogue.o(.text)
    _double_epilogue                         0x08011e2d   Thumb Code   156  depilogue.o(.text)
    __aeabi_ddiv                             0x08011ec9   Thumb Code   222  ddiv.o(.text)
    _dsqrt                                   0x08011fa7   Thumb Code   162  dsqrt.o(.text)
    __aeabi_d2ulz                            0x08012049   Thumb Code    48  dfixul.o(.text)
    __scatterload                            0x08012079   Thumb Code    28  init.o(.text)
    __scatterload_rt2                        0x08012079   Thumb Code     0  init.o(.text)
    __decompress                             0x0801209d   Thumb Code     0  __dczerorl2.o(.text)
    __decompress1                            0x0801209d   Thumb Code    86  __dczerorl2.o(.text)
    __0printf                                0x080120f5   Thumb Code    22  printfa.o(i.__0printf)
    __1printf                                0x080120f5   Thumb Code     0  printfa.o(i.__0printf)
    __2printf                                0x080120f5   Thumb Code     0  printfa.o(i.__0printf)
    __c89printf                              0x080120f5   Thumb Code     0  printfa.o(i.__0printf)
    printf                                   0x080120f5   Thumb Code     0  printfa.o(i.__0printf)
    __0sprintf                               0x08012115   Thumb Code    34  printfa.o(i.__0sprintf)
    __1sprintf                               0x08012115   Thumb Code     0  printfa.o(i.__0sprintf)
    __2sprintf                               0x08012115   Thumb Code     0  printfa.o(i.__0sprintf)
    __c89sprintf                             0x08012115   Thumb Code     0  printfa.o(i.__0sprintf)
    sprintf                                  0x08012115   Thumb Code     0  printfa.o(i.__0sprintf)
    __0vsprintf                              0x0801213d   Thumb Code    30  printfa.o(i.__0vsprintf)
    __1vsprintf                              0x0801213d   Thumb Code     0  printfa.o(i.__0vsprintf)
    __2vsprintf                              0x0801213d   Thumb Code     0  printfa.o(i.__0vsprintf)
    __c89vsprintf                            0x0801213d   Thumb Code     0  printfa.o(i.__0vsprintf)
    vsprintf                                 0x0801213d   Thumb Code     0  printfa.o(i.__0vsprintf)
    __scatterload_copy                       0x08012161   Thumb Code    14  handlers.o(i.__scatterload_copy)
    __scatterload_null                       0x0801216f   Thumb Code     2  handlers.o(i.__scatterload_null)
    __scatterload_zeroinit                   0x08012171   Thumb Code    14  handlers.o(i.__scatterload_zeroinit)
    __set_errno                              0x08012181   Thumb Code     6  errno.o(i.__set_errno)
    sqrt                                     0x08012a49   Thumb Code    76  sqrt.o(i.sqrt)
    asc2_1206                                0x08012a94   Data        1140  lcd.o(.constdata)
    asc2_1608                                0x08012f08   Data        1520  lcd.o(.constdata)
    asc2_2412                                0x080134f8   Data        3420  lcd.o(.constdata)
    FT5206_TPX_TBL                           0x08014254   Data          10  ft5206.o(.constdata)
    GT911_TPX_TBL                            0x0801425e   Data          10  ft5206.o(.constdata)
    GT9147_CFG_TBL                           0x08014268   Data         184  gt9147.o(.constdata)
    GT9147_TPX_TBL                           0x08014320   Data          10  gt9147.o(.constdata)
    OTT_TPX_TBL                              0x0801432a   Data          10  ott2001a.o(.constdata)
    TP_REMIND_MSG_TBL                        0x08014334   Data           4  touch.o(.constdata)
    memtblsize                               0x08014338   Data           8  malloc.o(.constdata)
    memblksize                               0x08014340   Data           8  malloc.o(.constdata)
    memsize                                  0x08014348   Data           8  malloc.o(.constdata)
    FILE_TYPE_TBL                            0x0801438c   Data         312  exfuns.o(.constdata)
    GBK24_PATH                               0x08014884   Data           4  fontupd.o(.constdata)
    GBK16_PATH                               0x08014888   Data           4  fontupd.o(.constdata)
    GBK12_PATH                               0x0801488c   Data           4  fontupd.o(.constdata)
    UNIGBK_PATH                              0x08014890   Data           4  fontupd.o(.constdata)
    Region$$Table$$Base                      0x08014e70   Number         0  anon$$obj.o(Region$$Table)
    Region$$Table$$Limit                     0x08014e90   Number         0  anon$$obj.o(Region$$Table)
    pcnt                                     0x20000000   Data           2  main.o(.data)
    SystemCoreClock                          0x20000004   Data           4  system_stm32f10x.o(.data)
    AHBPrescTable                            0x20000008   Data          16  system_stm32f10x.o(.data)
    POINT_COLOR                              0x2000001a   Data           2  lcd.o(.data)
    BACK_COLOR                               0x2000001c   Data           2  lcd.o(.data)
    W25QXX_TYPE                              0x2000001e   Data           2  w25qxx.o(.data)
    TransferError                            0x2000002a   Data           1  sdio_sdcard.o(.data)
    TransferEnd                              0x2000002b   Data           1  sdio_sdcard.o(.data)
    tempbuff                                 0x2000002c   Data           4  sdio_sdcard.o(.data)
    CIP                                      0x20000030   Data           5  ft5206.o(.data)
    g_gt_tnum                                0x20000035   Data           1  ft5206.o(.data)
    tp_dev                                   0x2000003c   Data          52  touch.o(.data)
    CMD_RDX                                  0x20000070   Data           1  touch.o(.data)
    CMD_RDY                                  0x20000071   Data           1  touch.o(.data)
    post_data_fmt                            0x20000074   Data           4  my8266.o(.data)
    request_fmt                              0x20000078   Data           4  my8266.o(.data)
    response_len                             0x2000007c   Data           1  my8266.o(.data)
    usart3_rx_buffer_len                     0x20000080   Data           4  usart3.o(.data)
    res                                      0x20000084   Data           1  usart3.o(.data)
    TIM5CH1_CAPTURE_STA                      0x20000088   Data           1  timer.o(.data)
    TIM5CH1_CAPTURE_VAL                      0x2000008c   Data           4  timer.o(.data)
    __stdout                                 0x20000094   Data           4  usart.o(.data)
    USART_RX_STA                             0x20000098   Data           2  usart.o(.data)
    mallco_dev                               0x200000b0   Data          28  malloc.o(.data)
    FLASH_SECTOR_COUNT                       0x200000cc   Data           2  diskio.o(.data)
    fs                                       0x200000dc   Data           8  exfuns.o(.data)
    file                                     0x200000e4   Data           4  exfuns.o(.data)
    ftemp                                    0x200000e8   Data           4  exfuns.o(.data)
    br                                       0x200000ec   Data           4  exfuns.o(.data)
    bw                                       0x200000f0   Data           4  exfuns.o(.data)
    fatbuf                                   0x200000f4   Data           4  exfuns.o(.data)
    sys_cmd_tab                              0x200000f8   Data          28  usmart.o(.data)
    usmart_nametab                           0x20000114   Data         264  usmart_config.o(.data)
    usmart_dev                               0x2000021c   Data         244  usmart_config.o(.data)
    READ_BUF                                 0x20000314   Data         800  main.o(.bss)
    lcddev                                   0x20000634   Data          14  lcd.o(.bss)
    W25QXX_BUFFER                            0x20000642   Data        4096  w25qxx.o(.bss)
    SDIO_InitStructure                       0x20001648   Data          24  sdio_sdcard.o(.bss)
    SDIO_CmdInitStructure                    0x20001660   Data          20  sdio_sdcard.o(.bss)
    SDIO_DataInitStructure                   0x20001674   Data          24  sdio_sdcard.o(.bss)
    SDCardInfo                               0x200016b0   Data          88  sdio_sdcard.o(.bss)
    SDIO_DATA_BUFFER                         0x20001708   Data         512  sdio_sdcard.o(.bss)
    points_value_str                         0x20001908   Data        2048  my8266.o(.bss)
    response                                 0x20002108   Data         512  my8266.o(.bss)
    ret                                      0x20002308   Data          10  my8266.o(.bss)
    usart3_tx_buffer                         0x20002312   Data        1024  usart3.o(.bss)
    usart3_rx_buffer                         0x20002712   Data        1024  usart3.o(.bss)
    USART_RX_BUF                             0x20002b12   Data         200  usart.o(.bss)
    mem1base                                 0x20002be0   Data       40960  malloc.o(.bss)
    mem1mapbase                              0x2000cbe0   Data        2560  malloc.o(.bss)
    fileinfo                                 0x2000d5e0   Data          32  exfuns.o(.bss)
    dir                                      0x2000d600   Data          36  exfuns.o(.bss)
    ftinfo                                   0x2000d624   Data          33  fontupd.o(.bss)
    __initial_sp                             0x2000da48   Data           0  startup_stm32f10x_hd.o(STACK)
    mem2base                                 0x68000000   Data       983040  malloc.o(.ARM.__AT_0x68000000)
    mem2mapbase                              0x680f0000   Data       61440  malloc.o(.ARM.__AT_0x680F0000)



==============================================================================

Memory Map of the image

  Image Entry point : 0x08000131

  Load Region LR_IROM1 (Base: 0x08000000, Size: 0x000151a4, Max: 0x00080000, ABSOLUTE, COMPRESSED[0x00014fe8])

    Execution Region ER_IROM1 (Exec base: 0x08000000, Load base: 0x08000000, Size: 0x00014e90, Max: 0x00080000, ABSOLUTE)

    Exec Addr    Load Addr    Size         Type   Attr      Idx    E Section Name        Object

    0x08000000   0x08000000   0x00000130   Data   RO          652    RESET               startup_stm32f10x_hd.o
    0x08000130   0x08000130   0x00000000   Code   RO          974  * .ARM.Collect$$$$00000000  mc_w.l(entry.o)
    0x08000130   0x08000130   0x00000004   Code   RO         1328    .ARM.Collect$$$$00000001  mc_w.l(entry2.o)
    0x08000134   0x08000134   0x00000004   Code   RO         1331    .ARM.Collect$$$$00000004  mc_w.l(entry5.o)
    0x08000138   0x08000138   0x00000000   Code   RO         1333    .ARM.Collect$$$$00000008  mc_w.l(entry7b.o)
    0x08000138   0x08000138   0x00000000   Code   RO         1335    .ARM.Collect$$$$0000000A  mc_w.l(entry8b.o)
    0x08000138   0x08000138   0x00000008   Code   RO         1336    .ARM.Collect$$$$0000000B  mc_w.l(entry9a.o)
    0x08000140   0x08000140   0x00000000   Code   RO         1338    .ARM.Collect$$$$0000000D  mc_w.l(entry10a.o)
    0x08000140   0x08000140   0x00000000   Code   RO         1340    .ARM.Collect$$$$0000000F  mc_w.l(entry11a.o)
    0x08000140   0x08000140   0x00000004   Code   RO         1329    .ARM.Collect$$$$00002712  mc_w.l(entry2.o)
    0x08000144   0x08000144   0x00000634   Code   RO            1    .text               main.o
    0x08000778   0x08000778   0x0000001a   Code   RO          189    .text               stm32f10x_it.o
    0x08000792   0x08000792   0x00000002   PAD
    0x08000794   0x08000794   0x000001e0   Code   RO          230    .text               system_stm32f10x.o
    0x08000974   0x08000974   0x0000004c   Code   RO          248    .text               led.o
    0x080009c0   0x080009c0   0x000000fc   Code   RO          260    .text               key.o
    0x08000abc   0x08000abc   0x0000344c   Code   RO          273    .text               lcd.o
    0x08003f08   0x08003f08   0x00000108   Code   RO          303    .text               spi.o
    0x08004010   0x08004010   0x00000368   Code   RO          318    .text               w25qxx.o
    0x08004378   0x08004378   0x00001c30   Code   RO          337    .text               sdio_sdcard.o
    0x08005fa8   0x08005fa8   0x0000026c   Code   RO          363    .text               myiic.o
    0x08006214   0x08006214   0x0000017a   Code   RO          378    .text               24cxx.o
    0x0800638e   0x0800638e   0x00000002   PAD
    0x08006390   0x08006390   0x00000284   Code   RO          393    .text               ctiic.o
    0x08006614   0x08006614   0x00000580   Code   RO          408    .text               ft5206.o
    0x08006b94   0x08006b94   0x00000458   Code   RO          424    .text               gt9147.o
    0x08006fec   0x08006fec   0x0000036c   Code   RO          440    .text               ott2001a.o
    0x08007358   0x08007358   0x00000fb4   Code   RO          456    .text               touch.o
    0x0800830c   0x0800830c   0x00000a74   Code   RO          480    .text               my8266.o
    0x08008d80   0x08008d80   0x00000184   Code   RO          501    .text               usart3.o
    0x08008f04   0x08008f04   0x00000374   Code   RO          527    .text               timer.o
    0x08009278   0x08009278   0x000000d4   Code   RO          586    .text               delay.o
    0x0800934c   0x0800934c   0x0000000c   Code   RO          601    .text               sys.o
    0x08009358   0x08009358   0x00000140   Code   RO          617    .text               usart.o
    0x08009498   0x08009498   0x00000024   Code   RO          653    .text               startup_stm32f10x_hd.o
    0x080094bc   0x080094bc   0x000000dc   Code   RO          657    .text               misc.o
    0x08009598   0x08009598   0x0000060c   Code   RO          669    .text               stm32f10x_fsmc.o
    0x08009ba4   0x08009ba4   0x0000035c   Code   RO          681    .text               stm32f10x_gpio.o
    0x08009f00   0x08009f00   0x000003a4   Code   RO          693    .text               stm32f10x_rcc.o
    0x0800a2a4   0x0800a2a4   0x0000030c   Code   RO          707    .text               stm32f10x_spi.o
    0x0800a5b0   0x0800a5b0   0x00000408   Code   RO          719    .text               stm32f10x_usart.o
    0x0800a9b8   0x0800a9b8   0x00000e1a   Code   RO          731    .text               stm32f10x_tim.o
    0x0800b7d2   0x0800b7d2   0x00000002   PAD
    0x0800b7d4   0x0800b7d4   0x00000254   Code   RO          743    .text               stm32f10x_dma.o
    0x0800ba28   0x0800ba28   0x000001d4   Code   RO          755    .text               stm32f10x_sdio.o
    0x0800bbfc   0x0800bbfc   0x0000022c   Code   RO          767    .text               malloc.o
    0x0800be28   0x0800be28   0x00000200   Code   RO          789    .text               diskio.o
    0x0800c028   0x0800c028   0x000032e4   Code   RO          807    .text               ff.o
    0x0800f30c   0x0800f30c   0x000001a8   Code   RO          825    .text               exfuns.o
    0x0800f4b4   0x0800f4b4   0x000006c8   Code   RO          849    .text               fattester.o
    0x0800fb7c   0x0800fb7c   0x000000cc   Code   RO          872    .text               mycc936.o
    0x0800fc48   0x0800fc48   0x00000c38   Code   RO          885    .text               usmart.o
    0x08010880   0x08010880   0x00000528   Code   RO          914    .text               usmart_str.o
    0x08010da8   0x08010da8   0x000005d0   Code   RO          926    .text               fontupd.o
    0x08011378   0x08011378   0x000002d4   Code   RO          950    .text               text.o
    0x0801164c   0x0801164c   0x00000062   Code   RO          977    .text               mc_w.l(ldiv.o)
    0x080116ae   0x080116ae   0x00000024   Code   RO          981    .text               mc_w.l(memcpya.o)
    0x080116d2   0x080116d2   0x00000024   Code   RO          983    .text               mc_w.l(memseta.o)
    0x080116f6   0x080116f6   0x00000018   Code   RO          985    .text               mc_w.l(strcat.o)
    0x0801170e   0x0801170e   0x00000024   Code   RO          987    .text               mc_w.l(strstr.o)
    0x08011732   0x08011732   0x0000000e   Code   RO          989    .text               mc_w.l(strlen.o)
    0x08011740   0x08011740   0x0000001c   Code   RO          991    .text               mc_w.l(strcmp.o)
    0x0801175c   0x0801175c   0x00000012   Code   RO          993    .text               mc_w.l(strcpy.o)
    0x0801176e   0x0801176e   0x000000b0   Code   RO         1294    .text               mf_w.l(fadd.o)
    0x0801181e   0x0801181e   0x00000064   Code   RO         1296    .text               mf_w.l(fmul.o)
    0x08011882   0x08011882   0x0000007c   Code   RO         1298    .text               mf_w.l(fdiv.o)
    0x080118fe   0x080118fe   0x0000014e   Code   RO         1300    .text               mf_w.l(dadd.o)
    0x08011a4c   0x08011a4c   0x000000e4   Code   RO         1302    .text               mf_w.l(dmul.o)
    0x08011b30   0x08011b30   0x00000012   Code   RO         1304    .text               mf_w.l(fflti.o)
    0x08011b42   0x08011b42   0x0000000a   Code   RO         1306    .text               mf_w.l(ffltui.o)
    0x08011b4c   0x08011b4c   0x00000022   Code   RO         1308    .text               mf_w.l(dflti.o)
    0x08011b6e   0x08011b6e   0x0000001a   Code   RO         1310    .text               mf_w.l(dfltui.o)
    0x08011b88   0x08011b88   0x00000032   Code   RO         1312    .text               mf_w.l(ffixi.o)
    0x08011bba   0x08011bba   0x00000028   Code   RO         1314    .text               mf_w.l(ffixui.o)
    0x08011be2   0x08011be2   0x00000032   Code   RO         1318    .text               mf_w.l(dfixui.o)
    0x08011c14   0x08011c14   0x00000026   Code   RO         1320    .text               mf_w.l(f2d.o)
    0x08011c3a   0x08011c3a   0x00000002   PAD
    0x08011c3c   0x08011c3c   0x00000030   Code   RO         1322    .text               mf_w.l(cdcmple.o)
    0x08011c6c   0x08011c6c   0x00000030   Code   RO         1324    .text               mf_w.l(cdrcmple.o)
    0x08011c9c   0x08011c9c   0x00000014   Code   RO         1326    .text               mf_w.l(cfcmple.o)
    0x08011cb0   0x08011cb0   0x0000002c   Code   RO         1342    .text               mc_w.l(uidiv.o)
    0x08011cdc   0x08011cdc   0x00000062   Code   RO         1344    .text               mc_w.l(uldiv.o)
    0x08011d3e   0x08011d3e   0x0000001e   Code   RO         1346    .text               mc_w.l(llshl.o)
    0x08011d5c   0x08011d5c   0x00000020   Code   RO         1348    .text               mc_w.l(llushr.o)
    0x08011d7c   0x08011d7c   0x00000024   Code   RO         1350    .text               mc_w.l(llsshr.o)
    0x08011da0   0x08011da0   0x00000000   Code   RO         1367    .text               mc_w.l(iusefp.o)
    0x08011da0   0x08011da0   0x0000006e   Code   RO         1368    .text               mf_w.l(fepilogue.o)
    0x08011e0e   0x08011e0e   0x000000ba   Code   RO         1370    .text               mf_w.l(depilogue.o)
    0x08011ec8   0x08011ec8   0x000000de   Code   RO         1372    .text               mf_w.l(ddiv.o)
    0x08011fa6   0x08011fa6   0x000000a2   Code   RO         1374    .text               mf_w.l(dsqrt.o)
    0x08012048   0x08012048   0x00000030   Code   RO         1378    .text               mf_w.l(dfixul.o)
    0x08012078   0x08012078   0x00000024   Code   RO         1382    .text               mc_w.l(init.o)
    0x0801209c   0x0801209c   0x00000056   Code   RO         1399    .text               mc_w.l(__dczerorl2.o)
    0x080120f2   0x080120f2   0x00000002   PAD
    0x080120f4   0x080120f4   0x00000020   Code   RO         1232    i.__0printf         mc_w.l(printfa.o)
    0x08012114   0x08012114   0x00000028   Code   RO         1234    i.__0sprintf        mc_w.l(printfa.o)
    0x0801213c   0x0801213c   0x00000024   Code   RO         1238    i.__0vsprintf       mc_w.l(printfa.o)
    0x08012160   0x08012160   0x0000000e   Code   RO         1393    i.__scatterload_copy  mc_w.l(handlers.o)
    0x0801216e   0x0801216e   0x00000002   Code   RO         1394    i.__scatterload_null  mc_w.l(handlers.o)
    0x08012170   0x08012170   0x0000000e   Code   RO         1395    i.__scatterload_zeroinit  mc_w.l(handlers.o)
    0x0801217e   0x0801217e   0x00000002   PAD
    0x08012180   0x08012180   0x0000000c   Code   RO         1356    i.__set_errno       mc_w.l(errno.o)
    0x0801218c   0x0801218c   0x00000184   Code   RO         1239    i._fp_digits        mc_w.l(printfa.o)
    0x08012310   0x08012310   0x000006dc   Code   RO         1240    i._printf_core      mc_w.l(printfa.o)
    0x080129ec   0x080129ec   0x00000024   Code   RO         1241    i._printf_post_padding  mc_w.l(printfa.o)
    0x08012a10   0x08012a10   0x0000002e   Code   RO         1242    i._printf_pre_padding  mc_w.l(printfa.o)
    0x08012a3e   0x08012a3e   0x0000000a   Code   RO         1244    i._sputc            mc_w.l(printfa.o)
    0x08012a48   0x08012a48   0x0000004c   Code   RO          963    i.sqrt              m_ws.l(sqrt.o)
    0x08012a94   0x08012a94   0x000017c0   Data   RO          275    .constdata          lcd.o
    0x08014254   0x08014254   0x00000014   Data   RO          409    .constdata          ft5206.o
    0x08014268   0x08014268   0x000000c2   Data   RO          425    .constdata          gt9147.o
    0x0801432a   0x0801432a   0x0000000a   Data   RO          441    .constdata          ott2001a.o
    0x08014334   0x08014334   0x00000004   Data   RO          457    .constdata          touch.o
    0x08014338   0x08014338   0x00000018   Data   RO          771    .constdata          malloc.o
    0x08014350   0x08014350   0x0000003a   Data   RO          808    .constdata          ff.o
    0x0801438a   0x0801438a   0x00000002   PAD
    0x0801438c   0x0801438c   0x00000138   Data   RO          827    .constdata          exfuns.o
    0x080144c4   0x080144c4   0x000003c0   Data   RO          873    .constdata          mycc936.o
    0x08014884   0x08014884   0x00000010   Data   RO          928    .constdata          fontupd.o
    0x08014894   0x08014894   0x00000079   Data   RO          458    .conststring        touch.o
    0x0801490d   0x0801490d   0x00000003   PAD
    0x08014910   0x08014910   0x00000067   Data   RO          482    .conststring        my8266.o
    0x08014977   0x08014977   0x00000001   PAD
    0x08014978   0x08014978   0x00000060   Data   RO          828    .conststring        exfuns.o
    0x080149d8   0x080149d8   0x00000028   Data   RO          886    .conststring        usmart.o
    0x08014a00   0x08014a00   0x0000040f   Data   RO          901    .conststring        usmart_config.o
    0x08014e0f   0x08014e0f   0x00000001   PAD
    0x08014e10   0x08014e10   0x0000005f   Data   RO          929    .conststring        fontupd.o
    0x08014e6f   0x08014e6f   0x00000001   PAD
    0x08014e70   0x08014e70   0x00000020   Data   RO         1391    Region$$Table       anon$$obj.o


    Execution Region RW_IRAM1 (Exec base: 0x20000000, Load base: 0x08014e90, Size: 0x0000da48, Max: 0x00010000, ABSOLUTE, COMPRESSED[0x00000158])

    Exec Addr    Load Addr    Size         Type   Attr      Idx    E Section Name        Object

    0x20000000   COMPRESSED   0x00000002   Data   RW            3    .data               main.o
    0x20000002   COMPRESSED   0x00000002   PAD
    0x20000004   COMPRESSED   0x00000014   Data   RW          231    .data               system_stm32f10x.o
    0x20000018   COMPRESSED   0x00000001   Data   RW          261    .data               key.o
    0x20000019   COMPRESSED   0x00000001   PAD
    0x2000001a   COMPRESSED   0x00000004   Data   RW          276    .data               lcd.o
    0x2000001e   COMPRESSED   0x00000002   Data   RW          320    .data               w25qxx.o
    0x20000020   COMPRESSED   0x00000010   Data   RW          339    .data               sdio_sdcard.o
    0x20000030   COMPRESSED   0x00000007   Data   RW          410    .data               ft5206.o
    0x20000037   COMPRESSED   0x00000001   Data   RW          426    .data               gt9147.o
    0x20000038   COMPRESSED   0x00000001   Data   RW          442    .data               ott2001a.o
    0x20000039   COMPRESSED   0x00000003   PAD
    0x2000003c   COMPRESSED   0x00000036   Data   RW          459    .data               touch.o
    0x20000072   COMPRESSED   0x00000002   PAD
    0x20000074   COMPRESSED   0x00000009   Data   RW          483    .data               my8266.o
    0x2000007d   COMPRESSED   0x00000003   PAD
    0x20000080   COMPRESSED   0x00000005   Data   RW          503    .data               usart3.o
    0x20000085   COMPRESSED   0x00000003   PAD
    0x20000088   COMPRESSED   0x00000008   Data   RW          528    .data               timer.o
    0x20000090   COMPRESSED   0x00000004   Data   RW          587    .data               delay.o
    0x20000094   COMPRESSED   0x00000006   Data   RW          619    .data               usart.o
    0x2000009a   COMPRESSED   0x00000014   Data   RW          694    .data               stm32f10x_rcc.o
    0x200000ae   COMPRESSED   0x00000002   PAD
    0x200000b0   COMPRESSED   0x0000001c   Data   RW          772    .data               malloc.o
    0x200000cc   COMPRESSED   0x00000002   Data   RW          790    .data               diskio.o
    0x200000ce   COMPRESSED   0x00000002   PAD
    0x200000d0   COMPRESSED   0x0000000a   Data   RW          809    .data               ff.o
    0x200000da   COMPRESSED   0x00000002   PAD
    0x200000dc   COMPRESSED   0x0000001c   Data   RW          829    .data               exfuns.o
    0x200000f8   COMPRESSED   0x0000001c   Data   RW          887    .data               usmart.o
    0x20000114   COMPRESSED   0x000001fc   Data   RW          902    .data               usmart_config.o
    0x20000310   COMPRESSED   0x00000004   Data   RW         1357    .data               mc_w.l(errno.o)
    0x20000314        -       0x00000320   Zero   RW            2    .bss                main.o
    0x20000634        -       0x0000000e   Zero   RW          274    .bss                lcd.o
    0x20000642        -       0x00001000   Zero   RW          319    .bss                w25qxx.o
    0x20001642   COMPRESSED   0x00000006   PAD
    0x20001648        -       0x000002c0   Zero   RW          338    .bss                sdio_sdcard.o
    0x20001908        -       0x00000a0a   Zero   RW          481    .bss                my8266.o
    0x20002312        -       0x00000800   Zero   RW          502    .bss                usart3.o
    0x20002b12        -       0x000000c8   Zero   RW          618    .bss                usart.o
    0x20002bda   COMPRESSED   0x00000006   PAD
    0x20002be0        -       0x0000aa00   Zero   RW          770    .bss                malloc.o
    0x2000d5e0        -       0x00000044   Zero   RW          826    .bss                exfuns.o
    0x2000d624        -       0x00000021   Zero   RW          927    .bss                fontupd.o
    0x2000d645   COMPRESSED   0x00000003   PAD
    0x2000d648        -       0x00000400   Zero   RW          650    STACK               startup_stm32f10x_hd.o



  Load Region LR$$.ARM.__AT_0x68000000 (Base: 0x68000000, Size: 0x00000000, Max: 0x000f0000, ABSOLUTE)

    Execution Region ER$$.ARM.__AT_0x68000000 (Exec base: 0x68000000, Load base: 0x68000000, Size: 0x000f0000, Max: 0x000f0000, ABSOLUTE, UNINIT)

    Exec Addr    Load Addr    Size         Type   Attr      Idx    E Section Name        Object

    0x68000000        -       0x000f0000   Zero   RW          768    .ARM.__AT_0x68000000  malloc.o



  Load Region LR$$.ARM.__AT_0x680F0000 (Base: 0x680f0000, Size: 0x00000000, Max: 0x0000f000, ABSOLUTE)

    Execution Region ER$$.ARM.__AT_0x680F0000 (Exec base: 0x680f0000, Load base: 0x680f0000, Size: 0x0000f000, Max: 0x0000f000, ABSOLUTE, UNINIT)

    Exec Addr    Load Addr    Size         Type   Attr      Idx    E Section Name        Object

    0x680f0000        -       0x0000f000   Zero   RW          769    .ARM.__AT_0x680F0000  malloc.o


==============================================================================

Image component sizes


      Code (inc. data)   RO Data    RW Data    ZI Data      Debug   Object Name

       378          0          0          0          0       2830   24cxx.o
       644         24          0          0          0       2065   ctiic.o
       212         18          0          4          0       1071   delay.o
       512          8          0          2          0       4378   diskio.o
       424         22        408         28         68       2788   exfuns.o
      1736        690          0          0          0       5920   fattester.o
     13028        144         58         10          0      37662   ff.o
      1488        158        111          0         33       4284   fontupd.o
      1408         76         20          7          0       3003   ft5206.o
      1112         74        194          1          0       3114   gt9147.o
       252         12          0          1          0        856   key.o
     13388        124       6080          4         14      18546   lcd.o
        76          8          0          0          0        511   led.o
      1588        196          0          2        800     291872   main.o
       556         18         24         28    1088000       4752   malloc.o
       220         22          0          0          0       1829   misc.o
      2676        976        103          9       2570       6310   my8266.o
       204         12        960          0          0       1641   mycc936.o
       620         14          0          0          0       1900   myiic.o
       876         56         10          1          0       2755   ott2001a.o
      7216        256          0         16        704      24768   sdio_sdcard.o
       264         10          0          0          0       1137   spi.o
        36          8        304          0       1024        792   startup_stm32f10x_hd.o
       596          8          0          0          0       4394   stm32f10x_dma.o
      1548         18          0          0          0       5407   stm32f10x_fsmc.o
       860         38          0          0          0       5761   stm32f10x_gpio.o
        26          0          0          0          0       1194   stm32f10x_it.o
       932         36          0         20          0       8956   stm32f10x_rcc.o
       468         22          0          0          0       7148   stm32f10x_sdio.o
       780         14          0          0          0       6646   stm32f10x_spi.o
      3610         88          0          0          0      22872   stm32f10x_tim.o
      1032         22          0          0          0       8488   stm32f10x_usart.o
        12          0          0          0          0        635   sys.o
       480         38          0         20          0       1779   system_stm32f10x.o
       724         16          0          0          0       3148   text.o
       884         62          0          8          0       3051   timer.o
      4020        222        125         54          0       6905   touch.o
       320         18          0          6        200       3178   usart.o
       388         40          0          5       2048       2834   usart3.o
      3128       1288         40         28          0       4414   usmart.o
         0          0       1039        508          0       1748   usmart_config.o
      1320         12          0          0          0       5257   usmart_str.o
       872         30          0          2       4096       4521   w25qxx.o

    ----------------------------------------------------------------------
     70920       4898       9516        784    1099572     533120   Object Totals
         0          0         32          0          0          0   (incl. Generated)
         6          0          8         20         15          0   (incl. Padding)

    ----------------------------------------------------------------------

      Code (inc. data)   RO Data    RW Data    ZI Data      Debug   Library Member Name

        76          0          0          0          0         84   sqrt.o
        86          0          0          0          0          0   __dczerorl2.o
         0          0          0          0          0          0   entry.o
         0          0          0          0          0          0   entry10a.o
         0          0          0          0          0          0   entry11a.o
         8          4          0          0          0          0   entry2.o
         4          0          0          0          0          0   entry5.o
         0          0          0          0          0          0   entry7b.o
         0          0          0          0          0          0   entry8b.o
         8          4          0          0          0          0   entry9a.o
        12          6          0          4          0         68   errno.o
        30          0          0          0          0          0   handlers.o
        36          8          0          0          0         68   init.o
         0          0          0          0          0          0   iusefp.o
        98          0          0          0          0         84   ldiv.o
        30          0          0          0          0         68   llshl.o
        36          0          0          0          0         68   llsshr.o
        32          0          0          0          0         68   llushr.o
        36          0          0          0          0         68   memcpya.o
        36          0          0          0          0        108   memseta.o
      2344        102          0          0          0        684   printfa.o
        24          0          0          0          0         68   strcat.o
        28          0          0          0          0         76   strcmp.o
        18          0          0          0          0         68   strcpy.o
        14          0          0          0          0         68   strlen.o
        36          0          0          0          0         80   strstr.o
        44          0          0          0          0         80   uidiv.o
        98          0          0          0          0         92   uldiv.o
        48          0          0          0          0         68   cdcmple.o
        48          0          0          0          0         68   cdrcmple.o
        20          0          0          0          0         68   cfcmple.o
       334          0          0          0          0        148   dadd.o
       222          0          0          0          0        100   ddiv.o
       186          0          0          0          0        176   depilogue.o
        50          0          0          0          0         76   dfixui.o
        48          0          0          0          0         68   dfixul.o
        34          0          0          0          0         76   dflti.o
        26          0          0          0          0         76   dfltui.o
       228          0          0          0          0         96   dmul.o
       162          0          0          0          0        100   dsqrt.o
        38          0          0          0          0         68   f2d.o
       176          0          0          0          0        140   fadd.o
       124          0          0          0          0         88   fdiv.o
       110          0          0          0          0        168   fepilogue.o
        50          0          0          0          0         68   ffixi.o
        40          0          0          0          0         68   ffixui.o
        18          0          0          0          0         68   fflti.o
        10          0          0          0          0         68   ffltui.o
       100          0          0          0          0         76   fmul.o

    ----------------------------------------------------------------------
      5212        124          0          4          0       3832   Library Totals
         6          0          0          0          0          0   (incl. Padding)

    ----------------------------------------------------------------------

      Code (inc. data)   RO Data    RW Data    ZI Data      Debug   Library Name

        76          0          0          0          0         84   m_ws.l
      3058        124          0          4          0       1816   mc_w.l
      2072          0          0          0          0       1932   mf_w.l

    ----------------------------------------------------------------------
      5212        124          0          4          0       3832   Library Totals

    ----------------------------------------------------------------------

==============================================================================


      Code (inc. data)   RO Data    RW Data    ZI Data      Debug   

     76132       5022       9516        788    1099572     531412   Grand Totals
     76132       5022       9516        344    1099572     531412   ELF Image Totals (compressed)
     76132       5022       9516        344          0          0   ROM Totals

==============================================================================

    Total RO  Size (Code + RO Data)                85648 (  83.64kB)
    Total RW  Size (RW Data + ZI Data)           1100360 (1074.57kB)
    Total ROM Size (Code + RO Data + RW Data)      85992 (  83.98kB)

==============================================================================

